由于文件 (符号) 而包含了归档成员

lib/orangescrt.a(printf.o)    kernel/main.o (printf)
lib/orangescrt.a(vsprintf.o)  kernel/main.o (vsprintf)
lib/orangescrt.a(string.o)    kernel/start.o (memcpy)
lib/orangescrt.a(misc.o)      kernel/main.o (send_recv)
lib/orangescrt.a(open.o)      kernel/main.o (open)
lib/orangescrt.a(read.o)      kernel/main.o (read)
lib/orangescrt.a(write.o)     kernel/main.o (write)
lib/orangescrt.a(close.o)     kernel/main.o (close)
lib/orangescrt.a(lseek.o)     kernel/main.o (lseek)
lib/orangescrt.a(getpid.o)    kernel/main.o (getpid)
lib/orangescrt.a(stat.o)      kernel/main.o (stat)
lib/orangescrt.a(fork.o)      kernel/main.o (fork)
lib/orangescrt.a(wait.o)      kernel/main.o (wait)
lib/orangescrt.a(exec.o)      kernel/main.o (execv)
lib/orangescrt.a(checksum.o)  kernel/main.o (set_checksum)
lib/orangescrt.a(syscall.o)   lib/orangescrt.a(misc.o) (sendrec)

分配公共符号
公共符号            大小              文件

idt_ptr             0x6               kernel/global.o
inode_table         0xb00             kernel/global.o
task_stack          0x24000           kernel/global.o
k_reenter           0x4               kernel/global.o
gdt                 0x400             kernel/global.o
current_console     0x4               kernel/global.o
pcaller             0x4               kernel/global.o
tty_table           0xc6c             kernel/global.o
tss                 0x68              kernel/global.o
fs_msg              0x30              kernel/global.o
memory_size         0x4               kernel/global.o
f_desc_table        0x400             kernel/global.o
root_inode          0x4               kernel/global.o
disp_pos            0x4               kernel/global.o
mm_msg              0x30              kernel/global.o
key_pressed         0x4               kernel/global.o
gdt_ptr             0x6               kernel/global.o
idt                 0x800             kernel/global.o
super_block         0x1e0             kernel/global.o
PARTITION_ENTRY     0x10              kernel/hd.o
ticks               0x4               kernel/global.o
console_table       0x3c              kernel/global.o
irq_table           0x40              kernel/global.o
p_proc_ready        0x4               kernel/global.o
proc_table          0x3b42            kernel/global.o

舍弃的输入节

 .note.GNU-stack
                0x0000000000000000        0x0 kernel/start.o
 .note.GNU-stack
                0x0000000000000000        0x0 kernel/main.o
 .note.GNU-stack
                0x0000000000000000        0x0 kernel/clock.o
 .note.GNU-stack
                0x0000000000000000        0x0 kernel/keyboard.o
 .note.GNU-stack
                0x0000000000000000        0x0 kernel/tty.o
 .note.GNU-stack
                0x0000000000000000        0x0 kernel/console.o
 .note.GNU-stack
                0x0000000000000000        0x0 kernel/i8259.o
 .note.GNU-stack
                0x0000000000000000        0x0 kernel/global.o
 .note.GNU-stack
                0x0000000000000000        0x0 kernel/protect.o
 .note.GNU-stack
                0x0000000000000000        0x0 kernel/proc.o
 .note.GNU-stack
                0x0000000000000000        0x0 kernel/systask.o
 .note.GNU-stack
                0x0000000000000000        0x0 kernel/hd.o
 .note.GNU-stack
                0x0000000000000000        0x0 kernel/klib.o
 .note.GNU-stack
                0x0000000000000000        0x0 lib/syslog.o
 .note.GNU-stack
                0x0000000000000000        0x0 mm/main.o
 .note.GNU-stack
                0x0000000000000000        0x0 mm/forkexit.o
 .note.GNU-stack
                0x0000000000000000        0x0 mm/exec.o
 .note.GNU-stack
                0x0000000000000000        0x0 fs/main.o
 .note.GNU-stack
                0x0000000000000000        0x0 fs/open.o
 .note.GNU-stack
                0x0000000000000000        0x0 fs/misc.o
 .note.GNU-stack
                0x0000000000000000        0x0 fs/read_write.o
 .note.GNU-stack
                0x0000000000000000        0x0 fs/link.o
 .note.GNU-stack
                0x0000000000000000        0x0 fs/disklog.o
 .note.GNU-stack
                0x0000000000000000        0x0 lib/orangescrt.a(printf.o)
 .note.GNU-stack
                0x0000000000000000        0x0 lib/orangescrt.a(vsprintf.o)
 .note.GNU-stack
                0x0000000000000000        0x0 lib/orangescrt.a(misc.o)
 .note.GNU-stack
                0x0000000000000000        0x0 lib/orangescrt.a(open.o)
 .note.GNU-stack
                0x0000000000000000        0x0 lib/orangescrt.a(read.o)
 .note.GNU-stack
                0x0000000000000000        0x0 lib/orangescrt.a(write.o)
 .note.GNU-stack
                0x0000000000000000        0x0 lib/orangescrt.a(close.o)
 .note.GNU-stack
                0x0000000000000000        0x0 lib/orangescrt.a(lseek.o)
 .note.GNU-stack
                0x0000000000000000        0x0 lib/orangescrt.a(getpid.o)
 .note.GNU-stack
                0x0000000000000000        0x0 lib/orangescrt.a(stat.o)
 .note.GNU-stack
                0x0000000000000000        0x0 lib/orangescrt.a(fork.o)
 .note.GNU-stack
                0x0000000000000000        0x0 lib/orangescrt.a(wait.o)
 .note.GNU-stack
                0x0000000000000000        0x0 lib/orangescrt.a(exec.o)
 .note.GNU-stack
                0x0000000000000000        0x0 lib/orangescrt.a(checksum.o)

内存配置

名称           来源             长度             属性
*default*        0x0000000000000000 0xffffffffffffffff

链结器命令稿和内存映射

段 .text 的地址设置为 0x1000
LOAD kernel/kernel.o
LOAD kernel/start.o
LOAD kernel/main.o
LOAD kernel/clock.o
LOAD kernel/keyboard.o
LOAD kernel/tty.o
LOAD kernel/console.o
LOAD kernel/i8259.o
LOAD kernel/global.o
LOAD kernel/protect.o
LOAD kernel/proc.o
LOAD kernel/systask.o
LOAD kernel/hd.o
LOAD kernel/kliba.o
LOAD kernel/klib.o
LOAD lib/syslog.o
LOAD mm/main.o
LOAD mm/forkexit.o
LOAD mm/exec.o
LOAD fs/main.o
LOAD fs/open.o
LOAD fs/misc.o
LOAD fs/read_write.o
LOAD fs/link.o
LOAD fs/disklog.o
LOAD lib/orangescrt.a
                [!provide]                        PROVIDE (__executable_start, 0x8048000)
                0x0000000008048094                . = (0x8048000 + SIZEOF_HEADERS)

.interp
 *(.interp)

.note.gnu.build-id
 *(.note.gnu.build-id)

.hash
 *(.hash)

.gnu.hash
 *(.gnu.hash)

.dynsym
 *(.dynsym)

.dynstr
 *(.dynstr)

.gnu.version
 *(.gnu.version)

.gnu.version_d
 *(.gnu.version_d)

.gnu.version_r
 *(.gnu.version_r)

.rel.dyn        0x0000000008048094        0x0
 *(.rel.init)
 *(.rel.text .rel.text.* .rel.gnu.linkonce.t.*)
 .rel.text      0x0000000008048094        0x0 kernel/kernel.o
 *(.rel.fini)
 *(.rel.rodata .rel.rodata.* .rel.gnu.linkonce.r.*)
 *(.rel.data.rel.ro .rel.data.rel.ro.* .rel.gnu.linkonce.d.rel.ro.*)
 *(.rel.data .rel.data.* .rel.gnu.linkonce.d.*)
 .rel.data      0x0000000008048094        0x0 kernel/kernel.o
 *(.rel.tdata .rel.tdata.* .rel.gnu.linkonce.td.*)
 *(.rel.tbss .rel.tbss.* .rel.gnu.linkonce.tb.*)
 *(.rel.ctors)
 *(.rel.dtors)
 *(.rel.got)
 *(.rel.bss .rel.bss.* .rel.gnu.linkonce.b.*)
 *(.rel.ifunc)

.rel.plt        0x0000000008048094        0x0
 *(.rel.plt)
                [!provide]                        PROVIDE (__rel_iplt_start, .)
 *(.rel.iplt)
 .rel.iplt      0x0000000008048094        0x0 kernel/kernel.o
                [!provide]                        PROVIDE (__rel_iplt_end, .)

.init
 *(SORT(.init))

.plt            0x00000000080480a0        0x0
 *(.plt)
 *(.iplt)
 .iplt          0x00000000080480a0        0x0 kernel/kernel.o

.plt.got
 *(.plt.got)

.text           0x0000000000001000     0xc818
 *(.text.unlikely .text.*_unlikely .text.unlikely.*)
 *(.text.exit .text.exit.*)
 *(.text.startup .text.startup.*)
 *(.text.hot .text.hot.*)
 *(.text .stub .text.* .gnu.linkonce.t.*)
 .text          0x0000000000001000      0x410 kernel/kernel.o
                0x0000000000001000                _start
                0x0000000000001040                hwint00
                0x0000000000001070                hwint01
                0x00000000000010a0                hwint02
                0x00000000000010d0                hwint03
                0x0000000000001100                hwint04
                0x0000000000001130                hwint05
                0x0000000000001160                hwint06
                0x0000000000001190                hwint07
                0x00000000000011c0                hwint08
                0x00000000000011f0                hwint09
                0x0000000000001220                hwint10
                0x0000000000001250                hwint11
                0x0000000000001280                hwint12
                0x00000000000012b0                hwint13
                0x00000000000012e0                hwint14
                0x0000000000001310                hwint15
                0x0000000000001334                divide_error
                0x000000000000133a                single_step_exception
                0x0000000000001340                nmi
                0x0000000000001346                breakpoint_exception
                0x000000000000134c                overflow
                0x0000000000001352                bounds_check
                0x0000000000001358                inval_opcode
                0x000000000000135e                copr_not_available
                0x0000000000001364                double_fault
                0x0000000000001368                copr_seg_overrun
                0x000000000000136e                inval_tss
                0x0000000000001372                segment_not_present
                0x0000000000001376                stack_exception
                0x000000000000137a                general_protection
                0x000000000000137e                page_fault
                0x0000000000001382                copr_error
                0x00000000000013cb                sys_call
                0x00000000000013eb                restart
 .text          0x0000000000001410       0x95 kernel/start.o
                0x0000000000001410                cstart
 .text          0x00000000000014a5      0xcd7 kernel/main.o
                0x00000000000014a5                kernel_main
                0x00000000000017ca                get_ticks
                0x0000000000001971                untar
                0x0000000000001cce                shabby_shell
                0x0000000000001fb7                Init
                0x0000000000002124                TestA
                0x0000000000002129                TestB
                0x000000000000212e                TestC
                0x0000000000002133                panic
 .text          0x000000000000217c      0x11e kernel/clock.o
                0x000000000000217c                clock_handler
                0x0000000000002208                milli_delay
                0x0000000000002242                init_clock
 .text          0x000000000000229a      0x6da kernel/keyboard.o
                0x000000000000229a                keyboard_handler
                0x0000000000002304                init_keyboard
                0x00000000000023b3                keyboard_read
 .text          0x0000000000002974      0x9c0 kernel/tty.o
                0x0000000000002974                task_tty
                0x0000000000002b24                in_process
                0x0000000000003035                sys_printx
                0x00000000000031d3                dump_tty_buf
 .text          0x0000000000003334      0x82f kernel/console.o
                0x0000000000003334                init_screen
                0x00000000000034a8                out_char
                0x0000000000003785                console_clear
                0x00000000000037dd                is_current_console
                0x00000000000038d0                select_console
                0x0000000000003910                scroll_screen
 .text          0x0000000000003b63      0x130 kernel/i8259.o
                0x0000000000003b63                init_8259A
                0x0000000000003c38                spurious_irq
                0x0000000000003c6f                put_irq_handler
 .text          0x0000000000003c93        0x0 kernel/global.o
 .text          0x0000000000003c93      0x660 kernel/protect.o
                0x0000000000003c93                init_prot
                0x00000000000040fc                seg2linear
                0x000000000000414b                init_desc
                0x00000000000041b8                exception_handler
 .text          0x00000000000042f3     0x17e8 kernel/proc.o
                0x0000000000004442                schedule
                0x00000000000044f2                proc_tick_exhausted
                0x0000000000004518                sys_sendrec
                0x0000000000004640                ldt_seg_linear
                0x000000000000468a                va2la
                0x00000000000046eb                reset_msg
                0x00000000000054f0                inform_int
                0x0000000000005660                dump_proc
                0x00000000000059ce                dump_msg
 .text          0x0000000000005adb      0x48a kernel/systask.o
                0x0000000000005adb                task_sys
 .text          0x0000000000005f65      0xd1e kernel/hd.o
                0x0000000000005f65                task_hd
                0x0000000000006c58                hd_handler
 *fill*         0x0000000000006c83        0xd 
 .text          0x0000000000006c90      0x19a kernel/kliba.o
                0x0000000000006c90                disp_str
                0x0000000000006cce                disp_color_str
                0x0000000000006d0d                out_byte
                0x0000000000006d19                in_byte
                0x0000000000006d23                port_read
                0x0000000000006d36                port_write
                0x0000000000006d49                disable_irq
                0x0000000000006d7e                enable_irq
                0x0000000000006d9d                disable_int
                0x0000000000006d9f                enable_int
                0x0000000000006da1                glitter
 .text          0x0000000000006e2a      0x2af kernel/klib.o
                0x0000000000006e2a                get_boot_params
                0x0000000000006eb0                get_kernel_map
                0x0000000000006fc0                itoa
                0x000000000000706b                disp_int
                0x0000000000007092                delay
 .text          0x00000000000070d9       0x6f lib/syslog.o
                0x00000000000070d9                syslog
 .text          0x0000000000007148      0x1bc mm/main.o
                0x0000000000007148                task_mm
                0x000000000000727f                alloc_mem
                0x00000000000072fa                free_mem
 .text          0x0000000000007304      0x668 mm/forkexit.o
                0x0000000000007304                do_fork
                0x0000000000007661                do_exit
                0x000000000000767e                do_kill
                0x00000000000078b4                do_wait
 .text          0x000000000000796c      0x359 mm/exec.o
                0x000000000000796c                do_exec
 .text          0x0000000000007cc5     0x1168 fs/main.o
                0x0000000000007cc5                task_fs
                0x00000000000087f6                rw_sector
                0x0000000000008a1b                get_super_block
                0x0000000000008a61                get_inode
                0x0000000000008bd1                put_inode
                0x0000000000008c0f                sync_inode
 .text          0x0000000000008e2d      0xb93 fs/open.o
                0x0000000000008e2d                do_open
                0x0000000000009355                do_close
                0x00000000000093d0                do_lseek
 .text          0x00000000000099c0      0x5dd fs/misc.o
                0x00000000000099c0                do_stat
                0x0000000000009b91                do_set_checksum
                0x0000000000009cad                do_get_checksum
                0x0000000000009dbc                search_file
                0x0000000000009f12                strip_path
 .text          0x0000000000009f9d      0x49a fs/read_write.o
                0x0000000000009f9d                do_rdwt
 .text          0x000000000000a437      0x808 fs/link.o
                0x000000000000a437                do_unlink
 .text          0x000000000000ac3f     0x1fa6 fs/disklog.o
                0x000000000000ac3f                disklog
                0x000000000000b190                dump_fd_graph
 .text          0x000000000000cbe5       0xad lib/orangescrt.a(printf.o)
                0x000000000000cbe5                printf
                0x000000000000cc50                printl
 .text          0x000000000000cc92      0x305 lib/orangescrt.a(vsprintf.o)
                0x000000000000ccf0                vsprintf
                0x000000000000cf71                sprintf
 *fill*         0x000000000000cf97        0x9 
 .text          0x000000000000cfa0       0x78 lib/orangescrt.a(string.o)
                0x000000000000cfa0                memcpy
                0x000000000000cfc9                memset
                0x000000000000cfea                strcpy
                0x000000000000d002                strlen
 .text          0x000000000000d018      0x256 lib/orangescrt.a(misc.o)
                0x000000000000d018                send_recv
                0x000000000000d0d2                memcmp
                0x000000000000d148                strcmp
                0x000000000000d1bb                strcat
                0x000000000000d21a                spin
                0x000000000000d235                assertion_failure
 .text          0x000000000000d26e       0x63 lib/orangescrt.a(open.o)
                0x000000000000d26e                open
 .text          0x000000000000d2d1       0x37 lib/orangescrt.a(read.o)
                0x000000000000d2d1                read
 .text          0x000000000000d308       0x37 lib/orangescrt.a(write.o)
                0x000000000000d308                write
 .text          0x000000000000d33f       0x2b lib/orangescrt.a(close.o)
                0x000000000000d33f                close
 .text          0x000000000000d36a       0x37 lib/orangescrt.a(lseek.o)
                0x000000000000d36a                lseek
 .text          0x000000000000d3a1       0x46 lib/orangescrt.a(getpid.o)
                0x000000000000d3a1                getpid
 .text          0x000000000000d3e7       0x63 lib/orangescrt.a(stat.o)
                0x000000000000d3e7                stat
 .text          0x000000000000d44a       0x66 lib/orangescrt.a(fork.o)
                0x000000000000d44a                fork
 .text          0x000000000000d4b0       0x3c lib/orangescrt.a(wait.o)
                0x000000000000d4b0                wait
 .text          0x000000000000d4ec      0x237 lib/orangescrt.a(exec.o)
                0x000000000000d4ec                exec
                0x000000000000d557                execl
                0x000000000000d57c                execv
 .text          0x000000000000d723       0xc0 lib/orangescrt.a(checksum.o)
                0x000000000000d723                set_checksum
                0x000000000000d786                get_checksum
 *fill*         0x000000000000d7e3        0xd 
 .text          0x000000000000d7f0       0x28 lib/orangescrt.a(syscall.o)
                0x000000000000d7f0                sendrec
                0x000000000000d80a                printx
 *(.gnu.warning)

.fini
 *(SORT(.fini))
                [!provide]                        PROVIDE (__etext, .)
                [!provide]                        PROVIDE (_etext, .)
                [!provide]                        PROVIDE (etext, .)

.rodata         0x000000000000d820     0x26de
 *(.rodata .rodata.* .gnu.linkonce.r.*)
 .rodata        0x000000000000d820       0x47 kernel/start.o
 *fill*         0x000000000000d867        0x1 
 .rodata        0x000000000000d868      0x240 kernel/main.o
 .rodata        0x000000000000daa8       0x64 kernel/keyboard.o
 .rodata        0x000000000000db0c      0x13c kernel/tty.o
 .rodata        0x000000000000dc48       0x5b kernel/console.o
 .rodata        0x000000000000dca3       0x11 kernel/i8259.o
 .rodata        0x000000000000dcb4       0x10 kernel/global.o
                0x000000000000dcb4                FSBUF_SIZE
                0x000000000000dcb8                MMBUF_SIZE
                0x000000000000dcbc                LOGBUF_SIZE
                0x000000000000dcc0                LOGDISKBUF_SIZE
 *fill*         0x000000000000dcc4       0x1c 
 .rodata        0x000000000000dce0      0x580 kernel/protect.o
 .rodata        0x000000000000e260      0x60e kernel/proc.o
 *fill*         0x000000000000e86e        0x2 
 .rodata        0x000000000000e870       0x30 kernel/systask.o
 .rodata        0x000000000000e8a0      0x15c kernel/hd.o
 .rodata        0x000000000000e9fc       0x6a kernel/klib.o
 .rodata        0x000000000000ea66       0x1e lib/syslog.o
 .rodata        0x000000000000ea84       0xc5 mm/main.o
 *fill*         0x000000000000eb49        0x3 
 .rodata        0x000000000000eb4c       0xe7 mm/forkexit.o
 *fill*         0x000000000000ec33        0x1 
 .rodata        0x000000000000ec34       0xa4 mm/exec.o
 .rodata        0x000000000000ecd8      0x302 fs/main.o
 *fill*         0x000000000000efda        0x2 
 .rodata        0x000000000000efdc      0x1c8 fs/open.o
 .rodata        0x000000000000f1a4       0x60 fs/misc.o
 .rodata        0x000000000000f204      0x164 fs/read_write.o
 .rodata        0x000000000000f368      0x1ad fs/link.o
 *fill*         0x000000000000f515        0x3 
 .rodata        0x000000000000f518      0x7d6 fs/disklog.o
 .rodata        0x000000000000fcee       0x14 lib/orangescrt.a(printf.o)
 *fill*         0x000000000000fd02        0x2 
 .rodata        0x000000000000fd04       0xad lib/orangescrt.a(misc.o)
 .rodata        0x000000000000fdb1       0x23 lib/orangescrt.a(open.o)
 .rodata        0x000000000000fdd4       0x25 lib/orangescrt.a(getpid.o)
 .rodata        0x000000000000fdf9       0x23 lib/orangescrt.a(stat.o)
 .rodata        0x000000000000fe1c       0x33 lib/orangescrt.a(fork.o)
 *fill*         0x000000000000fe4f        0x1 
 .rodata        0x000000000000fe50       0x87 lib/orangescrt.a(exec.o)
 .rodata        0x000000000000fed7       0x27 lib/orangescrt.a(checksum.o)

.rodata1
 *(.rodata1)

.eh_frame_hdr
 *(.eh_frame_hdr)
 *(.eh_frame_entry .eh_frame_entry.*)

.eh_frame       0x000000000000ff00     0x14b8
 *(.eh_frame)
 .eh_frame      0x000000000000ff00       0x38 kernel/start.o
 .eh_frame      0x000000000000ff38      0x188 kernel/main.o
                                        0x1a0 (松开之前的大小)
 .eh_frame      0x00000000000100c0       0x60 kernel/clock.o
                                         0x78 (松开之前的大小)
 .eh_frame      0x0000000000010120       0xe0 kernel/keyboard.o
                                         0xf8 (松开之前的大小)
 .eh_frame      0x0000000000010200      0x13c kernel/tty.o
                                        0x154 (松开之前的大小)
 .eh_frame      0x000000000001033c      0x164 kernel/console.o
                                        0x17c (松开之前的大小)
 .eh_frame      0x00000000000104a0       0x60 kernel/i8259.o
                                         0x78 (松开之前的大小)
 .eh_frame      0x0000000000010500       0xb0 kernel/protect.o
                                         0xc8 (松开之前的大小)
 .eh_frame      0x00000000000105b0      0x298 kernel/proc.o
                                        0x2b0 (松开之前的大小)
 .eh_frame      0x0000000000010848       0x5c kernel/systask.o
                                         0x74 (松开之前的大小)
 .eh_frame      0x00000000000108a4      0x1c8 kernel/hd.o
                                        0x1e0 (松开之前的大小)
 .eh_frame      0x0000000000010a6c       0xa0 kernel/klib.o
                                         0xb8 (松开之前的大小)
 .eh_frame      0x0000000000010b0c       0x20 lib/syslog.o
                                         0x38 (松开之前的大小)
 .eh_frame      0x0000000000010b2c       0x7c mm/main.o
                                         0x94 (松开之前的大小)
 .eh_frame      0x0000000000010ba8       0xd0 mm/forkexit.o
                                         0xe8 (松开之前的大小)
 .eh_frame      0x0000000000010c78       0x2c mm/exec.o
                                         0x44 (松开之前的大小)
 .eh_frame      0x0000000000010ca4      0x170 fs/main.o
                                        0x188 (松开之前的大小)
 .eh_frame      0x0000000000010e14      0x120 fs/open.o
                                        0x138 (松开之前的大小)
 .eh_frame      0x0000000000010f34       0xb0 fs/misc.o
                                         0xc8 (松开之前的大小)
 .eh_frame      0x0000000000010fe4       0x2c fs/read_write.o
                                         0x44 (松开之前的大小)
 .eh_frame      0x0000000000011010       0x2c fs/link.o
                                         0x44 (松开之前的大小)
 .eh_frame      0x000000000001103c       0x60 fs/disklog.o
                                         0x78 (松开之前的大小)
 .eh_frame      0x000000000001109c       0x40 lib/orangescrt.a(printf.o)
                                         0x58 (松开之前的大小)
 .eh_frame      0x00000000000110dc       0x60 lib/orangescrt.a(vsprintf.o)
                                         0x78 (松开之前的大小)
 .eh_frame      0x000000000001113c       0xbc lib/orangescrt.a(misc.o)
                                         0xd4 (松开之前的大小)
 .eh_frame      0x00000000000111f8       0x20 lib/orangescrt.a(open.o)
                                         0x38 (松开之前的大小)
 .eh_frame      0x0000000000011218       0x20 lib/orangescrt.a(read.o)
                                         0x38 (松开之前的大小)
 .eh_frame      0x0000000000011238       0x20 lib/orangescrt.a(write.o)
                                         0x38 (松开之前的大小)
 .eh_frame      0x0000000000011258       0x20 lib/orangescrt.a(close.o)
                                         0x38 (松开之前的大小)
 .eh_frame      0x0000000000011278       0x20 lib/orangescrt.a(lseek.o)
                                         0x38 (松开之前的大小)
 .eh_frame      0x0000000000011298       0x20 lib/orangescrt.a(getpid.o)
                                         0x38 (松开之前的大小)
 .eh_frame      0x00000000000112b8       0x20 lib/orangescrt.a(stat.o)
                                         0x38 (松开之前的大小)
 .eh_frame      0x00000000000112d8       0x20 lib/orangescrt.a(fork.o)
                                         0x38 (松开之前的大小)
 .eh_frame      0x00000000000112f8       0x20 lib/orangescrt.a(wait.o)
                                         0x38 (松开之前的大小)
 .eh_frame      0x0000000000011318       0x60 lib/orangescrt.a(exec.o)
                                         0x78 (松开之前的大小)
 .eh_frame      0x0000000000011378       0x40 lib/orangescrt.a(checksum.o)
                                         0x58 (松开之前的大小)
 *(.eh_frame.*)

.gcc_except_table
 *(.gcc_except_table .gcc_except_table.*)

.gnu_extab
 *(.gnu_extab*)

.exception_ranges
 *(.exception_ranges .exception_ranges*)
                0x00000000000123b8                . = DATA_SEGMENT_ALIGN (0x1000, 0x1000)

.eh_frame
 *(.eh_frame)
 *(.eh_frame.*)

.gnu_extab
 *(.gnu_extab)

.gcc_except_table
 *(.gcc_except_table .gcc_except_table.*)

.exception_ranges
 *(.exception_ranges .exception_ranges*)

.tdata
 *(.tdata .tdata.* .gnu.linkonce.td.*)

.tbss
 *(.tbss .tbss.* .gnu.linkonce.tb.*)
 *(.tcommon)

.preinit_array  0x00000000000123b8        0x0
                [!provide]                        PROVIDE (__preinit_array_start, .)
 *(.preinit_array)
                [!provide]                        PROVIDE (__preinit_array_end, .)

.init_array     0x00000000000123b8        0x0
                [!provide]                        PROVIDE (__init_array_start, .)
 *(SORT(.init_array.*) SORT(.ctors.*))
 *(.init_array EXCLUDE_FILE(*crtend?.o *crtend.o *crtbegin?.o *crtbegin.o) .ctors)
                [!provide]                        PROVIDE (__init_array_end, .)

.fini_array     0x00000000000123b8        0x0
                [!provide]                        PROVIDE (__fini_array_start, .)
 *(SORT(.fini_array.*) SORT(.dtors.*))
 *(.fini_array EXCLUDE_FILE(*crtend?.o *crtend.o *crtbegin?.o *crtbegin.o) .dtors)
                [!provide]                        PROVIDE (__fini_array_end, .)

.ctors
 *crtbegin.o(.ctors)
 *crtbegin?.o(.ctors)
 *(EXCLUDE_FILE(*crtend?.o *crtend.o) .ctors)
 *(SORT(.ctors.*))
 *(.ctors)

.dtors
 *crtbegin.o(.dtors)
 *crtbegin?.o(.dtors)
 *(EXCLUDE_FILE(*crtend?.o *crtend.o) .dtors)
 *(SORT(.dtors.*))
 *(.dtors)

.jcr
 *(.jcr)

.data.rel.ro
 *(.data.rel.ro.local* .gnu.linkonce.d.rel.ro.local.*)
 *(.data.rel.ro .data.rel.ro.* .gnu.linkonce.d.rel.ro.*)

.dynamic
 *(.dynamic)

.got
 *(.got)
 *(.igot)
                0x00000000000123b8                . = DATA_SEGMENT_RELRO_END (., (SIZEOF (.got.plt) >= 0xc)?0xc:0x0)

.got.plt        0x00000000000123b8        0x0
 *(.got.plt)
 *(.igot.plt)
 .igot.plt      0x00000000000123b8        0x0 kernel/kernel.o

.data           0x00000000000123c0      0x814
 *(.data .data.* .gnu.linkonce.d.*)
 .data          0x00000000000123c0        0x2 kernel/kernel.o
 .data          0x00000000000123c2        0x0 kernel/start.o
 .data          0x00000000000123c2        0x0 kernel/main.o
 .data          0x00000000000123c2        0x0 kernel/clock.o
 *fill*         0x00000000000123c2       0x1e 
 .data          0x00000000000123e0      0x600 kernel/keyboard.o
                0x00000000000123e0                keymap
 .data          0x00000000000129e0       0x22 kernel/tty.o
 .data          0x0000000000012a02        0x0 kernel/console.o
 .data          0x0000000000012a02        0x0 kernel/i8259.o
 *fill*         0x0000000000012a02       0x1e 
 .data          0x0000000000012a20      0x1b4 kernel/global.o
                0x0000000000012a20                task_table
                0x0000000000012b00                user_proc_table
                0x0000000000012ba0                sys_call_table
                0x0000000000012bac                dd_map
                0x0000000000012bc4                fsbuf
                0x0000000000012bc8                mmbuf
                0x0000000000012bcc                logbuf
                0x0000000000012bd0                logdiskbuf
 .data          0x0000000000012bd4        0x0 kernel/protect.o
 .data          0x0000000000012bd4        0x0 kernel/proc.o
 .data          0x0000000000012bd4        0x0 kernel/systask.o
 .data          0x0000000000012bd4        0x0 kernel/hd.o
 .data          0x0000000000012bd4        0x0 kernel/klib.o
 .data          0x0000000000012bd4        0x0 lib/syslog.o
 .data          0x0000000000012bd4        0x0 mm/main.o
 .data          0x0000000000012bd4        0x0 mm/forkexit.o
 .data          0x0000000000012bd4        0x0 mm/exec.o
 .data          0x0000000000012bd4        0x0 fs/main.o
 .data          0x0000000000012bd4        0x0 fs/open.o
 .data          0x0000000000012bd4        0x0 fs/misc.o
 .data          0x0000000000012bd4        0x0 fs/read_write.o
 .data          0x0000000000012bd4        0x0 fs/link.o
 .data          0x0000000000012bd4        0x0 fs/disklog.o
 .data          0x0000000000012bd4        0x0 lib/orangescrt.a(printf.o)
 .data          0x0000000000012bd4        0x0 lib/orangescrt.a(vsprintf.o)
 .data          0x0000000000012bd4        0x0 lib/orangescrt.a(misc.o)
 .data          0x0000000000012bd4        0x0 lib/orangescrt.a(open.o)
 .data          0x0000000000012bd4        0x0 lib/orangescrt.a(read.o)
 .data          0x0000000000012bd4        0x0 lib/orangescrt.a(write.o)
 .data          0x0000000000012bd4        0x0 lib/orangescrt.a(close.o)
 .data          0x0000000000012bd4        0x0 lib/orangescrt.a(lseek.o)
 .data          0x0000000000012bd4        0x0 lib/orangescrt.a(getpid.o)
 .data          0x0000000000012bd4        0x0 lib/orangescrt.a(stat.o)
 .data          0x0000000000012bd4        0x0 lib/orangescrt.a(fork.o)
 .data          0x0000000000012bd4        0x0 lib/orangescrt.a(wait.o)
 .data          0x0000000000012bd4        0x0 lib/orangescrt.a(exec.o)
 .data          0x0000000000012bd4        0x0 lib/orangescrt.a(checksum.o)

.data1
 *(.data1)
                0x0000000000012bd4                _edata = .
                [!provide]                        PROVIDE (edata, .)
                0x0000000000012bd4                . = .
                0x0000000000012bd4                __bss_start = .

.bss            0x0000000000012be0    0x2bfd4
 *(.dynbss)
 *(.bss .bss.* .gnu.linkonce.b.*)
 .bss           0x0000000000012be0     0x1000 kernel/kernel.o
 .bss           0x0000000000013be0        0x0 kernel/start.o
 .bss           0x0000000000013be0        0x0 kernel/main.o
 .bss           0x0000000000013be0        0x0 kernel/clock.o
 .bss           0x0000000000013be0       0x58 kernel/keyboard.o
 .bss           0x0000000000013c38        0x0 kernel/tty.o
 .bss           0x0000000000013c38        0x0 kernel/console.o
 .bss           0x0000000000013c38        0x0 kernel/i8259.o
 .bss           0x0000000000013c38        0x0 kernel/global.o
 .bss           0x0000000000013c38        0x0 kernel/protect.o
 .bss           0x0000000000013c38        0x4 kernel/proc.o
 .bss           0x0000000000013c3c        0x0 kernel/systask.o
 *fill*         0x0000000000013c3c        0x4 
 .bss           0x0000000000013c40      0x64c kernel/hd.o
 .bss           0x000000000001428c        0x0 kernel/klib.o
 .bss           0x000000000001428c        0x0 lib/syslog.o
 .bss           0x000000000001428c        0x0 mm/main.o
 .bss           0x000000000001428c        0x0 mm/forkexit.o
 .bss           0x000000000001428c        0x0 mm/exec.o
 .bss           0x000000000001428c        0x0 fs/main.o
 .bss           0x000000000001428c        0x0 fs/open.o
 .bss           0x000000000001428c        0x0 fs/misc.o
 .bss           0x000000000001428c        0x0 fs/read_write.o
 .bss           0x000000000001428c        0x0 fs/link.o
 *fill*         0x000000000001428c       0x14 
 .bss           0x00000000000142a0      0x208 fs/disklog.o
 .bss           0x00000000000144a8        0x0 lib/orangescrt.a(printf.o)
 .bss           0x00000000000144a8        0x0 lib/orangescrt.a(vsprintf.o)
 .bss           0x00000000000144a8        0x0 lib/orangescrt.a(misc.o)
 .bss           0x00000000000144a8        0x0 lib/orangescrt.a(open.o)
 .bss           0x00000000000144a8        0x0 lib/orangescrt.a(read.o)
 .bss           0x00000000000144a8        0x0 lib/orangescrt.a(write.o)
 .bss           0x00000000000144a8        0x0 lib/orangescrt.a(close.o)
 .bss           0x00000000000144a8        0x0 lib/orangescrt.a(lseek.o)
 .bss           0x00000000000144a8        0x0 lib/orangescrt.a(getpid.o)
 .bss           0x00000000000144a8        0x0 lib/orangescrt.a(stat.o)
 .bss           0x00000000000144a8        0x0 lib/orangescrt.a(fork.o)
 .bss           0x00000000000144a8        0x0 lib/orangescrt.a(wait.o)
 .bss           0x00000000000144a8        0x0 lib/orangescrt.a(exec.o)
 .bss           0x00000000000144a8        0x0 lib/orangescrt.a(checksum.o)
 *(COMMON)
 *fill*         0x00000000000144a8       0x18 
 COMMON         0x00000000000144c0    0x2a6e2 kernel/global.o
                0x00000000000144c0                idt_ptr
                0x00000000000144e0                inode_table
                0x0000000000014fe0                task_stack
                0x0000000000038fe0                k_reenter
                0x0000000000039000                gdt
                0x0000000000039400                current_console
                0x0000000000039404                pcaller
                0x0000000000039420                tty_table
                0x000000000003a0a0                tss
                0x000000000003a120                fs_msg
                0x000000000003a150                memory_size
                0x000000000003a160                f_desc_table
                0x000000000003a560                root_inode
                0x000000000003a564                disp_pos
                0x000000000003a580                mm_msg
                0x000000000003a5b0                key_pressed
                0x000000000003a5b4                gdt_ptr
                0x000000000003a5c0                idt
                0x000000000003adc0                super_block
                0x000000000003afa0                ticks
                0x000000000003afc0                console_table
                0x000000000003b000                irq_table
                0x000000000003b040                p_proc_ready
                0x000000000003b060                proc_table
 *fill*         0x000000000003eba2        0x2 
 COMMON         0x000000000003eba4       0x10 kernel/hd.o
                0x000000000003eba4                PARTITION_ENTRY
                0x000000000003ebb4                . = ALIGN ((. != 0x0)?0x4:0x1)
                0x000000000003ebb4                . = ALIGN (0x4)
                0x000000000003ebb4                . = SEGMENT_START ("ldata-segment", .)
                0x000000000003ebb4                . = ALIGN (0x4)
                0x000000000003ebb4                _end = .
                [!provide]                        PROVIDE (end, .)
                0x000000000003ebb4                . = DATA_SEGMENT_END (.)

.stab
 *(.stab)

.stabstr
 *(.stabstr)

.stab.excl
 *(.stab.excl)

.stab.exclstr
 *(.stab.exclstr)

.stab.index
 *(.stab.index)

.stab.indexstr
 *(.stab.indexstr)

.comment        0x0000000000000000       0x35
 *(.comment)
 .comment       0x0000000000000000       0x35 kernel/start.o
                                         0x36 (松开之前的大小)
 .comment       0x0000000000000035       0x36 kernel/main.o
 .comment       0x0000000000000035       0x36 kernel/clock.o
 .comment       0x0000000000000035       0x36 kernel/keyboard.o
 .comment       0x0000000000000035       0x36 kernel/tty.o
 .comment       0x0000000000000035       0x36 kernel/console.o
 .comment       0x0000000000000035       0x36 kernel/i8259.o
 .comment       0x0000000000000035       0x36 kernel/global.o
 .comment       0x0000000000000035       0x36 kernel/protect.o
 .comment       0x0000000000000035       0x36 kernel/proc.o
 .comment       0x0000000000000035       0x36 kernel/systask.o
 .comment       0x0000000000000035       0x36 kernel/hd.o
 .comment       0x0000000000000035       0x36 kernel/klib.o
 .comment       0x0000000000000035       0x36 lib/syslog.o
 .comment       0x0000000000000035       0x36 mm/main.o
 .comment       0x0000000000000035       0x36 mm/forkexit.o
 .comment       0x0000000000000035       0x36 mm/exec.o
 .comment       0x0000000000000035       0x36 fs/main.o
 .comment       0x0000000000000035       0x36 fs/open.o
 .comment       0x0000000000000035       0x36 fs/misc.o
 .comment       0x0000000000000035       0x36 fs/read_write.o
 .comment       0x0000000000000035       0x36 fs/link.o
 .comment       0x0000000000000035       0x36 fs/disklog.o
 .comment       0x0000000000000035       0x36 lib/orangescrt.a(printf.o)
 .comment       0x0000000000000035       0x36 lib/orangescrt.a(vsprintf.o)
 .comment       0x0000000000000035       0x36 lib/orangescrt.a(misc.o)
 .comment       0x0000000000000035       0x36 lib/orangescrt.a(open.o)
 .comment       0x0000000000000035       0x36 lib/orangescrt.a(read.o)
 .comment       0x0000000000000035       0x36 lib/orangescrt.a(write.o)
 .comment       0x0000000000000035       0x36 lib/orangescrt.a(close.o)
 .comment       0x0000000000000035       0x36 lib/orangescrt.a(lseek.o)
 .comment       0x0000000000000035       0x36 lib/orangescrt.a(getpid.o)
 .comment       0x0000000000000035       0x36 lib/orangescrt.a(stat.o)
 .comment       0x0000000000000035       0x36 lib/orangescrt.a(fork.o)
 .comment       0x0000000000000035       0x36 lib/orangescrt.a(wait.o)
 .comment       0x0000000000000035       0x36 lib/orangescrt.a(exec.o)
 .comment       0x0000000000000035       0x36 lib/orangescrt.a(checksum.o)

.debug
 *(.debug)

.line
 *(.line)

.debug_srcinfo
 *(.debug_srcinfo)

.debug_sfnames
 *(.debug_sfnames)

.debug_aranges  0x0000000000000000      0x498
 *(.debug_aranges)
 .debug_aranges
                0x0000000000000000       0x20 kernel/start.o
 .debug_aranges
                0x0000000000000020       0x20 kernel/main.o
 .debug_aranges
                0x0000000000000040       0x20 kernel/clock.o
 .debug_aranges
                0x0000000000000060       0x20 kernel/keyboard.o
 .debug_aranges
                0x0000000000000080       0x20 kernel/tty.o
 .debug_aranges
                0x00000000000000a0       0x20 kernel/console.o
 .debug_aranges
                0x00000000000000c0       0x20 kernel/i8259.o
 .debug_aranges
                0x00000000000000e0       0x18 kernel/global.o
 .debug_aranges
                0x00000000000000f8       0x20 kernel/protect.o
 .debug_aranges
                0x0000000000000118       0x20 kernel/proc.o
 .debug_aranges
                0x0000000000000138       0x20 kernel/systask.o
 .debug_aranges
                0x0000000000000158       0x20 kernel/hd.o
 .debug_aranges
                0x0000000000000178       0x20 kernel/klib.o
 .debug_aranges
                0x0000000000000198       0x20 lib/syslog.o
 .debug_aranges
                0x00000000000001b8       0x20 mm/main.o
 .debug_aranges
                0x00000000000001d8       0x20 mm/forkexit.o
 .debug_aranges
                0x00000000000001f8       0x20 mm/exec.o
 .debug_aranges
                0x0000000000000218       0x20 fs/main.o
 .debug_aranges
                0x0000000000000238       0x20 fs/open.o
 .debug_aranges
                0x0000000000000258       0x20 fs/misc.o
 .debug_aranges
                0x0000000000000278       0x20 fs/read_write.o
 .debug_aranges
                0x0000000000000298       0x20 fs/link.o
 .debug_aranges
                0x00000000000002b8       0x20 fs/disklog.o
 .debug_aranges
                0x00000000000002d8       0x20 lib/orangescrt.a(printf.o)
 .debug_aranges
                0x00000000000002f8       0x20 lib/orangescrt.a(vsprintf.o)
 .debug_aranges
                0x0000000000000318       0x20 lib/orangescrt.a(misc.o)
 .debug_aranges
                0x0000000000000338       0x20 lib/orangescrt.a(open.o)
 .debug_aranges
                0x0000000000000358       0x20 lib/orangescrt.a(read.o)
 .debug_aranges
                0x0000000000000378       0x20 lib/orangescrt.a(write.o)
 .debug_aranges
                0x0000000000000398       0x20 lib/orangescrt.a(close.o)
 .debug_aranges
                0x00000000000003b8       0x20 lib/orangescrt.a(lseek.o)
 .debug_aranges
                0x00000000000003d8       0x20 lib/orangescrt.a(getpid.o)
 .debug_aranges
                0x00000000000003f8       0x20 lib/orangescrt.a(stat.o)
 .debug_aranges
                0x0000000000000418       0x20 lib/orangescrt.a(fork.o)
 .debug_aranges
                0x0000000000000438       0x20 lib/orangescrt.a(wait.o)
 .debug_aranges
                0x0000000000000458       0x20 lib/orangescrt.a(exec.o)
 .debug_aranges
                0x0000000000000478       0x20 lib/orangescrt.a(checksum.o)

.debug_pubnames
 *(.debug_pubnames)

.debug_info     0x0000000000000000     0xd3cd
 *(.debug_info .gnu.linkonce.wi.*)
 .debug_info    0x0000000000000000      0x1cb kernel/start.o
 .debug_info    0x00000000000001cb      0xe53 kernel/main.o
 .debug_info    0x000000000000101e      0x575 kernel/clock.o
 .debug_info    0x0000000000001593      0x474 kernel/keyboard.o
 .debug_info    0x0000000000001a07      0xa66 kernel/tty.o
 .debug_info    0x000000000000246d      0x49a kernel/console.o
 .debug_info    0x0000000000002907      0x101 kernel/i8259.o
 .debug_info    0x0000000000002a08      0xc3c kernel/global.o
 .debug_info    0x0000000000003644      0x8a8 kernel/protect.o
 .debug_info    0x0000000000003eec      0xb1d kernel/proc.o
 .debug_info    0x0000000000004a09      0x80d kernel/systask.o
 .debug_info    0x0000000000005216      0x9ae kernel/hd.o
 .debug_info    0x0000000000005bc4      0x423 kernel/klib.o
 .debug_info    0x0000000000005fe7       0xd2 lib/syslog.o
 .debug_info    0x00000000000060b9      0x380 mm/main.o
 .debug_info    0x0000000000006439      0x818 mm/forkexit.o
 .debug_info    0x0000000000006c51      0x849 mm/exec.o
 .debug_info    0x000000000000749a      0xc3d fs/main.o
 .debug_info    0x00000000000080d7      0xb4c fs/open.o
 .debug_info    0x0000000000008c23      0x708 fs/misc.o
 .debug_info    0x000000000000932b      0x777 fs/read_write.o
 .debug_info    0x0000000000009aa2      0x5ad fs/link.o
 .debug_info    0x000000000000a04f      0xe42 fs/disklog.o
 .debug_info    0x000000000000ae91      0x130 lib/orangescrt.a(printf.o)
 .debug_info    0x000000000000afc1      0x1dd lib/orangescrt.a(vsprintf.o)
 .debug_info    0x000000000000b19e      0x388 lib/orangescrt.a(misc.o)
 .debug_info    0x000000000000b526      0x2b5 lib/orangescrt.a(open.o)
 .debug_info    0x000000000000b7db      0x2b3 lib/orangescrt.a(read.o)
 .debug_info    0x000000000000ba8e      0x2be lib/orangescrt.a(write.o)
 .debug_info    0x000000000000bd4c      0x297 lib/orangescrt.a(close.o)
 .debug_info    0x000000000000bfe3      0x2b3 lib/orangescrt.a(lseek.o)
 .debug_info    0x000000000000c296      0x28a lib/orangescrt.a(getpid.o)
 .debug_info    0x000000000000c520      0x304 lib/orangescrt.a(stat.o)
 .debug_info    0x000000000000c824      0x28a lib/orangescrt.a(fork.o)
 .debug_info    0x000000000000caae      0x2a2 lib/orangescrt.a(wait.o)
 .debug_info    0x000000000000cd50      0x396 lib/orangescrt.a(exec.o)
 .debug_info    0x000000000000d0e6      0x2e7 lib/orangescrt.a(checksum.o)

.debug_abbrev   0x0000000000000000     0x33a6
 *(.debug_abbrev)
 .debug_abbrev  0x0000000000000000       0xb9 kernel/start.o
 .debug_abbrev  0x00000000000000b9      0x281 kernel/main.o
 .debug_abbrev  0x000000000000033a      0x137 kernel/clock.o
 .debug_abbrev  0x0000000000000471      0x17d kernel/keyboard.o
 .debug_abbrev  0x00000000000005ee      0x243 kernel/tty.o
 .debug_abbrev  0x0000000000000831      0x1c9 kernel/console.o
 .debug_abbrev  0x00000000000009fa       0xce kernel/i8259.o
 .debug_abbrev  0x0000000000000ac8      0x131 kernel/global.o
 .debug_abbrev  0x0000000000000bf9      0x1c7 kernel/protect.o
 .debug_abbrev  0x0000000000000dc0      0x2b4 kernel/proc.o
 .debug_abbrev  0x0000000000001074      0x179 kernel/systask.o
 .debug_abbrev  0x00000000000011ed      0x26e kernel/hd.o
 .debug_abbrev  0x000000000000145b      0x155 kernel/klib.o
 .debug_abbrev  0x00000000000015b0       0x96 lib/syslog.o
 .debug_abbrev  0x0000000000001646      0x187 mm/main.o
 .debug_abbrev  0x00000000000017cd      0x1e3 mm/forkexit.o
 .debug_abbrev  0x00000000000019b0      0x164 mm/exec.o
 .debug_abbrev  0x0000000000001b14      0x20a fs/main.o
 .debug_abbrev  0x0000000000001d1e      0x20e fs/open.o
 .debug_abbrev  0x0000000000001f2c      0x185 fs/misc.o
 .debug_abbrev  0x00000000000020b1      0x155 fs/read_write.o
 .debug_abbrev  0x0000000000002206      0x12f fs/link.o
 .debug_abbrev  0x0000000000002335      0x1f9 fs/disklog.o
 .debug_abbrev  0x000000000000252e       0xb2 lib/orangescrt.a(printf.o)
 .debug_abbrev  0x00000000000025e0       0xf3 lib/orangescrt.a(vsprintf.o)
 .debug_abbrev  0x00000000000026d3      0x14b lib/orangescrt.a(misc.o)
 .debug_abbrev  0x000000000000281e      0x10c lib/orangescrt.a(open.o)
 .debug_abbrev  0x000000000000292a      0x109 lib/orangescrt.a(read.o)
 .debug_abbrev  0x0000000000002a33      0x119 lib/orangescrt.a(write.o)
 .debug_abbrev  0x0000000000002b4c       0xfa lib/orangescrt.a(close.o)
 .debug_abbrev  0x0000000000002c46      0x109 lib/orangescrt.a(lseek.o)
 .debug_abbrev  0x0000000000002d4f       0xe9 lib/orangescrt.a(getpid.o)
 .debug_abbrev  0x0000000000002e38      0x11b lib/orangescrt.a(stat.o)
 .debug_abbrev  0x0000000000002f53       0xe9 lib/orangescrt.a(fork.o)
 .debug_abbrev  0x000000000000303c      0x105 lib/orangescrt.a(wait.o)
 .debug_abbrev  0x0000000000003141      0x13f lib/orangescrt.a(exec.o)
 .debug_abbrev  0x0000000000003280      0x126 lib/orangescrt.a(checksum.o)

.debug_line     0x0000000000000000     0x3310
 *(.debug_line .debug_line.* .debug_line_end)
 .debug_line    0x0000000000000000       0x86 kernel/start.o
 .debug_line    0x0000000000000086      0x313 kernel/main.o
 .debug_line    0x0000000000000399       0xb2 kernel/clock.o
 .debug_line    0x000000000000044b      0x26b kernel/keyboard.o
 .debug_line    0x00000000000006b6      0x243 kernel/tty.o
 .debug_line    0x00000000000008f9      0x1cd kernel/console.o
 .debug_line    0x0000000000000ac6       0x94 kernel/i8259.o
 .debug_line    0x0000000000000b5a       0x8f kernel/global.o
 .debug_line    0x0000000000000be9      0x14c kernel/protect.o
 .debug_line    0x0000000000000d35      0x522 kernel/proc.o
 .debug_line    0x0000000000001257      0x136 kernel/systask.o
 .debug_line    0x000000000000138d      0x342 kernel/hd.o
 .debug_line    0x00000000000016cf      0x119 kernel/klib.o
 .debug_line    0x00000000000017e8       0x5e lib/syslog.o
 .debug_line    0x0000000000001846       0xb1 mm/main.o
 .debug_line    0x00000000000018f7      0x1bb mm/forkexit.o
 .debug_line    0x0000000000001ab2      0x12a mm/exec.o
 .debug_line    0x0000000000001bdc      0x377 fs/main.o
 .debug_line    0x0000000000001f53      0x29f fs/open.o
 .debug_line    0x00000000000021f2      0x17a fs/misc.o
 .debug_line    0x000000000000236c      0x16d fs/read_write.o
 .debug_line    0x00000000000024d9      0x195 fs/link.o
 .debug_line    0x000000000000266e      0x4de fs/disklog.o
 .debug_line    0x0000000000002b4c       0x69 lib/orangescrt.a(printf.o)
 .debug_line    0x0000000000002bb5       0xfa lib/orangescrt.a(vsprintf.o)
 .debug_line    0x0000000000002caf       0xfc lib/orangescrt.a(misc.o)
 .debug_line    0x0000000000002dab       0x75 lib/orangescrt.a(open.o)
 .debug_line    0x0000000000002e20       0x6b lib/orangescrt.a(read.o)
 .debug_line    0x0000000000002e8b       0x6c lib/orangescrt.a(write.o)
 .debug_line    0x0000000000002ef7       0x6a lib/orangescrt.a(close.o)
 .debug_line    0x0000000000002f61       0x6c lib/orangescrt.a(lseek.o)
 .debug_line    0x0000000000002fcd       0x73 lib/orangescrt.a(getpid.o)
 .debug_line    0x0000000000003040       0x80 lib/orangescrt.a(stat.o)
 .debug_line    0x00000000000030c0       0x7a lib/orangescrt.a(fork.o)
 .debug_line    0x000000000000313a       0x75 lib/orangescrt.a(wait.o)
 .debug_line    0x00000000000031af       0xd6 lib/orangescrt.a(exec.o)
 .debug_line    0x0000000000003285       0x8b lib/orangescrt.a(checksum.o)

.debug_frame
 *(.debug_frame)

.debug_str      0x0000000000000000     0x19cd
 *(.debug_str)
 .debug_str     0x0000000000000000      0x1a5 kernel/start.o
                                        0x1bc (松开之前的大小)
 .debug_str     0x00000000000001a5      0x4b4 kernel/main.o
                                        0x660 (松开之前的大小)
 .debug_str     0x0000000000000659       0x4a kernel/clock.o
                                        0x342 (松开之前的大小)
 .debug_str     0x00000000000006a3      0x1bc kernel/keyboard.o
                                        0x2e0 (松开之前的大小)
 .debug_str     0x000000000000085f       0xb4 kernel/tty.o
                                        0x566 (松开之前的大小)
 .debug_str     0x0000000000000913      0x127 kernel/console.o
                                        0x2d9 (松开之前的大小)
 .debug_str     0x0000000000000a3a       0x41 kernel/i8259.o
                                        0x144 (松开之前的大小)
 .debug_str     0x0000000000000a7b      0x1a5 kernel/global.o
                                        0x64c (松开之前的大小)
 .debug_str     0x0000000000000c20       0xc1 kernel/protect.o
                                        0x424 (松开之前的大小)
 .debug_str     0x0000000000000ce1      0x18b kernel/proc.o
                                        0x5c7 (松开之前的大小)
 .debug_str     0x0000000000000e6c       0x7a kernel/systask.o
                                        0x4d6 (松开之前的大小)
 .debug_str     0x0000000000000ee6      0x224 kernel/hd.o
                                        0x4c8 (松开之前的大小)
 .debug_str     0x000000000000110a      0x1ba kernel/klib.o
                                        0x2da (松开之前的大小)
 .debug_str     0x00000000000012c4       0x14 lib/syslog.o
                                        0x10b (松开之前的大小)
 .debug_str     0x00000000000012d8       0x3b mm/main.o
                                        0x2d0 (松开之前的大小)
 .debug_str     0x0000000000001313       0xe9 mm/forkexit.o
                                        0x4ec (松开之前的大小)
 .debug_str     0x00000000000013fc       0xa3 mm/exec.o
                                        0x4c2 (松开之前的大小)
 .debug_str     0x000000000000149f       0xf1 fs/main.o
                                        0x68b (松开之前的大小)
 .debug_str     0x0000000000001590       0xf2 fs/open.o
                                        0x62c (松开之前的大小)
 .debug_str     0x0000000000001682       0x51 fs/misc.o
                                        0x42d (松开之前的大小)
 .debug_str     0x00000000000016d3       0x41 fs/read_write.o
                                        0x48c (松开之前的大小)
 .debug_str     0x0000000000001714       0x41 fs/link.o
                                        0x42c (松开之前的大小)
 .debug_str     0x0000000000001755      0x12b fs/disklog.o
                                        0x789 (松开之前的大小)
 .debug_str     0x0000000000001880       0x14 lib/orangescrt.a(printf.o)
                                        0x112 (松开之前的大小)
 .debug_str     0x0000000000001894       0x3b lib/orangescrt.a(vsprintf.o)
                                        0x13f (松开之前的大小)
 .debug_str     0x00000000000018cf       0x5a lib/orangescrt.a(misc.o)
                                        0x1d6 (松开之前的大小)
 .debug_str     0x0000000000001929        0xb lib/orangescrt.a(open.o)
                                        0x27b (松开之前的大小)
 .debug_str     0x0000000000001934        0xb lib/orangescrt.a(read.o)
                                        0x272 (松开之前的大小)
 .debug_str     0x000000000000193f        0xc lib/orangescrt.a(write.o)
                                        0x274 (松开之前的大小)
 .debug_str     0x000000000000194b        0xc lib/orangescrt.a(close.o)
                                        0x26e (松开之前的大小)
 .debug_str     0x0000000000001957        0xc lib/orangescrt.a(lseek.o)
                                        0x27c (松开之前的大小)
 .debug_str     0x0000000000001963       0x14 lib/orangescrt.a(getpid.o)
                                        0x270 (松开之前的大小)
 .debug_str     0x0000000000001977        0xb lib/orangescrt.a(stat.o)
                                        0x297 (松开之前的大小)
 .debug_str     0x0000000000001982        0xb lib/orangescrt.a(fork.o)
                                        0x26c (松开之前的大小)
 .debug_str     0x000000000000198d        0xb lib/orangescrt.a(wait.o)
                                        0x273 (松开之前的大小)
 .debug_str     0x0000000000001998       0x26 lib/orangescrt.a(exec.o)
                                        0x2a3 (松开之前的大小)
 .debug_str     0x00000000000019be        0xf lib/orangescrt.a(checksum.o)
                                        0x297 (松开之前的大小)

.debug_loc
 *(.debug_loc)

.debug_macinfo
 *(.debug_macinfo)

.debug_weaknames
 *(.debug_weaknames)

.debug_funcnames
 *(.debug_funcnames)

.debug_typenames
 *(.debug_typenames)

.debug_varnames
 *(.debug_varnames)

.debug_pubtypes
 *(.debug_pubtypes)

.debug_ranges   0x0000000000000000       0x48
 *(.debug_ranges)
 .debug_ranges  0x0000000000000000       0x18 kernel/main.o
 .debug_ranges  0x0000000000000018       0x30 kernel/hd.o

.debug_macro
 *(.debug_macro)

.gnu.attributes
 *(.gnu.attributes)

/DISCARD/
 *(.note.GNU-stack)
 *(.gnu_debuglink)
 *(.gnu.lto_*)
OUTPUT(kernel.bin elf32-i386)
