Archive member included to satisfy reference by file (symbol)

lib/orangescrt.a(printf.o)    kernel/main.o (printf)
lib/orangescrt.a(vsprintf.o)  kernel/main.o (vsprintf)
lib/orangescrt.a(string.o)    kernel/start.o (memcpy)
lib/orangescrt.a(misc.o)      kernel/main.o (send_recv)
lib/orangescrt.a(open.o)      kernel/main.o (open)
lib/orangescrt.a(read.o)      kernel/main.o (read)
lib/orangescrt.a(write.o)     kernel/main.o (write)
lib/orangescrt.a(close.o)     kernel/main.o (close)
lib/orangescrt.a(lseek.o)     kernel/main.o (lseek)
lib/orangescrt.a(getpid.o)    kernel/main.o (getpid)
lib/orangescrt.a(stat.o)      kernel/main.o (stat)
lib/orangescrt.a(fork.o)      kernel/main.o (fork)
lib/orangescrt.a(wait.o)      kernel/main.o (wait)
lib/orangescrt.a(exec.o)      kernel/main.o (execv)
lib/orangescrt.a(checksum.o)  kernel/main.o (set_checksum)
lib/orangescrt.a(syscall.o)   lib/orangescrt.a(misc.o) (sendrec)

Allocating common symbols
Common symbol       size              file

idt_ptr             0x6               kernel/global.o
inode_table         0xb00             kernel/global.o
task_stack          0x24000           kernel/global.o
k_reenter           0x4               kernel/global.o
gdt                 0x400             kernel/global.o
current_console     0x4               kernel/global.o
pcaller             0x4               kernel/global.o
tty_table           0x12c0            kernel/global.o
tss                 0x68              kernel/global.o
fs_msg              0x30              kernel/global.o
memory_size         0x4               kernel/global.o
f_desc_table        0x400             kernel/global.o
root_inode          0x4               kernel/global.o
disp_pos            0x4               kernel/global.o
mm_msg              0x30              kernel/global.o
key_pressed         0x4               kernel/global.o
gdt_ptr             0x6               kernel/global.o
idt                 0x800             kernel/global.o
super_block         0x1e0             kernel/global.o
PARTITION_ENTRY     0x10              kernel/hd.o
ticks               0x4               kernel/global.o
console_table       0x3c              kernel/global.o
irq_table           0x40              kernel/global.o
p_proc_ready        0x4               kernel/global.o
proc_table          0x3b42            kernel/global.o

Discarded input sections

 .note.GNU-stack
                0x0000000000000000        0x0 kernel/start.o
 .note.GNU-stack
                0x0000000000000000        0x0 kernel/main.o
 .note.GNU-stack
                0x0000000000000000        0x0 kernel/clock.o
 .note.GNU-stack
                0x0000000000000000        0x0 kernel/keyboard.o
 .note.GNU-stack
                0x0000000000000000        0x0 kernel/tty.o
 .note.GNU-stack
                0x0000000000000000        0x0 kernel/console.o
 .note.GNU-stack
                0x0000000000000000        0x0 kernel/i8259.o
 .note.GNU-stack
                0x0000000000000000        0x0 kernel/global.o
 .note.GNU-stack
                0x0000000000000000        0x0 kernel/protect.o
 .note.GNU-stack
                0x0000000000000000        0x0 kernel/proc.o
 .note.GNU-stack
                0x0000000000000000        0x0 kernel/systask.o
 .note.GNU-stack
                0x0000000000000000        0x0 kernel/hd.o
 .note.GNU-stack
                0x0000000000000000        0x0 kernel/klib.o
 .note.GNU-stack
                0x0000000000000000        0x0 lib/syslog.o
 .note.GNU-stack
                0x0000000000000000        0x0 mm/main.o
 .note.GNU-stack
                0x0000000000000000        0x0 mm/forkexit.o
 .note.GNU-stack
                0x0000000000000000        0x0 mm/exec.o
 .note.GNU-stack
                0x0000000000000000        0x0 fs/main.o
 .note.GNU-stack
                0x0000000000000000        0x0 fs/open.o
 .note.GNU-stack
                0x0000000000000000        0x0 fs/misc.o
 .note.GNU-stack
                0x0000000000000000        0x0 fs/read_write.o
 .note.GNU-stack
                0x0000000000000000        0x0 fs/link.o
 .note.GNU-stack
                0x0000000000000000        0x0 fs/disklog.o
 .note.GNU-stack
                0x0000000000000000        0x0 lib/orangescrt.a(printf.o)
 .note.GNU-stack
                0x0000000000000000        0x0 lib/orangescrt.a(vsprintf.o)
 .note.GNU-stack
                0x0000000000000000        0x0 lib/orangescrt.a(misc.o)
 .note.GNU-stack
                0x0000000000000000        0x0 lib/orangescrt.a(open.o)
 .note.GNU-stack
                0x0000000000000000        0x0 lib/orangescrt.a(read.o)
 .note.GNU-stack
                0x0000000000000000        0x0 lib/orangescrt.a(write.o)
 .note.GNU-stack
                0x0000000000000000        0x0 lib/orangescrt.a(close.o)
 .note.GNU-stack
                0x0000000000000000        0x0 lib/orangescrt.a(lseek.o)
 .note.GNU-stack
                0x0000000000000000        0x0 lib/orangescrt.a(getpid.o)
 .note.GNU-stack
                0x0000000000000000        0x0 lib/orangescrt.a(stat.o)
 .note.GNU-stack
                0x0000000000000000        0x0 lib/orangescrt.a(fork.o)
 .note.GNU-stack
                0x0000000000000000        0x0 lib/orangescrt.a(wait.o)
 .note.GNU-stack
                0x0000000000000000        0x0 lib/orangescrt.a(exec.o)
 .note.GNU-stack
                0x0000000000000000        0x0 lib/orangescrt.a(checksum.o)

Memory Configuration

Name             Origin             Length             Attributes
*default*        0x0000000000000000 0xffffffffffffffff

Linker script and memory map

Address of section .text set to 0x1000
LOAD kernel/kernel.o
LOAD kernel/start.o
LOAD kernel/main.o
LOAD kernel/clock.o
LOAD kernel/keyboard.o
LOAD kernel/tty.o
LOAD kernel/console.o
LOAD kernel/i8259.o
LOAD kernel/global.o
LOAD kernel/protect.o
LOAD kernel/proc.o
LOAD kernel/systask.o
LOAD kernel/hd.o
LOAD kernel/kliba.o
LOAD kernel/klib.o
LOAD lib/syslog.o
LOAD mm/main.o
LOAD mm/forkexit.o
LOAD mm/exec.o
LOAD fs/main.o
LOAD fs/open.o
LOAD fs/misc.o
LOAD fs/read_write.o
LOAD fs/link.o
LOAD fs/disklog.o
LOAD lib/orangescrt.a
                [!provide]                        PROVIDE (__executable_start, 0x8048000)
                0x0000000008048094                . = (0x8048000 + SIZEOF_HEADERS)

.interp
 *(.interp)

.note.gnu.build-id
 *(.note.gnu.build-id)

.hash
 *(.hash)

.gnu.hash
 *(.gnu.hash)

.dynsym
 *(.dynsym)

.dynstr
 *(.dynstr)

.gnu.version
 *(.gnu.version)

.gnu.version_d
 *(.gnu.version_d)

.gnu.version_r
 *(.gnu.version_r)

.rel.dyn        0x0000000008048094        0x0
 *(.rel.init)
 *(.rel.text .rel.text.* .rel.gnu.linkonce.t.*)
 .rel.text      0x0000000008048094        0x0 kernel/kernel.o
 *(.rel.fini)
 *(.rel.rodata .rel.rodata.* .rel.gnu.linkonce.r.*)
 *(.rel.data.rel.ro .rel.data.rel.ro.* .rel.gnu.linkonce.d.rel.ro.*)
 *(.rel.data .rel.data.* .rel.gnu.linkonce.d.*)
 .rel.data      0x0000000008048094        0x0 kernel/kernel.o
 *(.rel.tdata .rel.tdata.* .rel.gnu.linkonce.td.*)
 *(.rel.tbss .rel.tbss.* .rel.gnu.linkonce.tb.*)
 *(.rel.ctors)
 *(.rel.dtors)
 *(.rel.got)
 *(.rel.bss .rel.bss.* .rel.gnu.linkonce.b.*)
 *(.rel.ifunc)

.rel.plt        0x0000000008048094        0x0
 *(.rel.plt)
                [!provide]                        PROVIDE (__rel_iplt_start, .)
 *(.rel.iplt)
 .rel.iplt      0x0000000008048094        0x0 kernel/kernel.o
                [!provide]                        PROVIDE (__rel_iplt_end, .)

.init
 *(SORT(.init))

.plt            0x00000000080480a0        0x0
 *(.plt)
 *(.iplt)
 .iplt          0x00000000080480a0        0x0 kernel/kernel.o

.plt.got
 *(.plt.got)

.text           0x0000000000001000     0xd278
 *(.text.unlikely .text.*_unlikely .text.unlikely.*)
 *(.text.exit .text.exit.*)
 *(.text.startup .text.startup.*)
 *(.text.hot .text.hot.*)
 *(.text .stub .text.* .gnu.linkonce.t.*)
 .text          0x0000000000001000      0x410 kernel/kernel.o
                0x0000000000001000                _start
                0x0000000000001040                hwint00
                0x0000000000001070                hwint01
                0x00000000000010a0                hwint02
                0x00000000000010d0                hwint03
                0x0000000000001100                hwint04
                0x0000000000001130                hwint05
                0x0000000000001160                hwint06
                0x0000000000001190                hwint07
                0x00000000000011c0                hwint08
                0x00000000000011f0                hwint09
                0x0000000000001220                hwint10
                0x0000000000001250                hwint11
                0x0000000000001280                hwint12
                0x00000000000012b0                hwint13
                0x00000000000012e0                hwint14
                0x0000000000001310                hwint15
                0x0000000000001334                divide_error
                0x000000000000133a                single_step_exception
                0x0000000000001340                nmi
                0x0000000000001346                breakpoint_exception
                0x000000000000134c                overflow
                0x0000000000001352                bounds_check
                0x0000000000001358                inval_opcode
                0x000000000000135e                copr_not_available
                0x0000000000001364                double_fault
                0x0000000000001368                copr_seg_overrun
                0x000000000000136e                inval_tss
                0x0000000000001372                segment_not_present
                0x0000000000001376                stack_exception
                0x000000000000137a                general_protection
                0x000000000000137e                page_fault
                0x0000000000001382                copr_error
                0x00000000000013cb                sys_call
                0x00000000000013eb                restart
 .text          0x0000000000001410       0x95 kernel/start.o
                0x0000000000001410                cstart
 .text          0x00000000000014a5      0xcf7 kernel/main.o
                0x00000000000014a5                kernel_main
                0x00000000000017ca                get_ticks
                0x0000000000001971                untar
                0x0000000000001cce                shabby_shell
                0x0000000000001fa3                Init
                0x0000000000002144                TestA
                0x0000000000002149                TestB
                0x000000000000214e                TestC
                0x0000000000002153                panic
 .text          0x000000000000219c      0x11e kernel/clock.o
                0x000000000000219c                clock_handler
                0x0000000000002228                milli_delay
                0x0000000000002262                init_clock
 .text          0x00000000000022ba      0x6da kernel/keyboard.o
                0x00000000000022ba                keyboard_handler
                0x0000000000002324                init_keyboard
                0x00000000000023d3                keyboard_read
 .text          0x0000000000002994      0xfa7 kernel/tty.o
                0x0000000000002994                task_tty
                0x0000000000002bad                in_process
                0x000000000000363c                sys_printx
                0x00000000000037da                dump_tty_buf
 .text          0x000000000000393b      0x87e kernel/console.o
                0x000000000000393b                init_screen
                0x0000000000003aaf                out_char
                0x0000000000003d8c                console_clear
                0x0000000000003e33                is_current_console
                0x0000000000003f26                select_console
                0x0000000000003f66                scroll_screen
 .text          0x00000000000041b9      0x130 kernel/i8259.o
                0x00000000000041b9                init_8259A
                0x000000000000428e                spurious_irq
                0x00000000000042c5                put_irq_handler
 .text          0x00000000000042e9        0x0 kernel/global.o
 .text          0x00000000000042e9      0x660 kernel/protect.o
                0x00000000000042e9                init_prot
                0x0000000000004752                seg2linear
                0x00000000000047a1                init_desc
                0x000000000000480e                exception_handler
 .text          0x0000000000004949     0x17e8 kernel/proc.o
                0x0000000000004a98                schedule
                0x0000000000004b48                proc_tick_exhausted
                0x0000000000004b6e                sys_sendrec
                0x0000000000004c96                ldt_seg_linear
                0x0000000000004ce0                va2la
                0x0000000000004d41                reset_msg
                0x0000000000005b46                inform_int
                0x0000000000005cb6                dump_proc
                0x0000000000006024                dump_msg
 .text          0x0000000000006131      0x48a kernel/systask.o
                0x0000000000006131                task_sys
 .text          0x00000000000065bb      0xd1e kernel/hd.o
                0x00000000000065bb                task_hd
                0x00000000000072ae                hd_handler
 *fill*         0x00000000000072d9        0x7 
 .text          0x00000000000072e0      0x19a kernel/kliba.o
                0x00000000000072e0                disp_str
                0x000000000000731e                disp_color_str
                0x000000000000735d                out_byte
                0x0000000000007369                in_byte
                0x0000000000007373                port_read
                0x0000000000007386                port_write
                0x0000000000007399                disable_irq
                0x00000000000073ce                enable_irq
                0x00000000000073ed                disable_int
                0x00000000000073ef                enable_int
                0x00000000000073f1                glitter
 .text          0x000000000000747a      0x2af kernel/klib.o
                0x000000000000747a                get_boot_params
                0x0000000000007500                get_kernel_map
                0x0000000000007610                itoa
                0x00000000000076bb                disp_int
                0x00000000000076e2                delay
 .text          0x0000000000007729       0x6f lib/syslog.o
                0x0000000000007729                syslog
 .text          0x0000000000007798      0x1bc mm/main.o
                0x0000000000007798                task_mm
                0x00000000000078cf                alloc_mem
                0x000000000000794a                free_mem
 .text          0x0000000000007954      0x668 mm/forkexit.o
                0x0000000000007954                do_fork
                0x0000000000007cb1                do_exit
                0x0000000000007cce                do_kill
                0x0000000000007f04                do_wait
 .text          0x0000000000007fbc      0x359 mm/exec.o
                0x0000000000007fbc                do_exec
 .text          0x0000000000008315     0x1168 fs/main.o
                0x0000000000008315                task_fs
                0x0000000000008e46                rw_sector
                0x000000000000906b                get_super_block
                0x00000000000090b1                get_inode
                0x0000000000009221                put_inode
                0x000000000000925f                sync_inode
 .text          0x000000000000947d      0xe8c fs/open.o
                0x000000000000947d                do_open
                0x00000000000099f0                do_close
                0x0000000000009a6b                do_lseek
 .text          0x000000000000a309      0x5dd fs/misc.o
                0x000000000000a309                do_stat
                0x000000000000a4da                do_set_checksum
                0x000000000000a5f6                do_get_checksum
                0x000000000000a705                search_file
                0x000000000000a85b                strip_path
 .text          0x000000000000a8e6      0x49a fs/read_write.o
                0x000000000000a8e6                do_rdwt
 .text          0x000000000000ad80      0x928 fs/link.o
                0x000000000000ad80                do_unlink
 .text          0x000000000000b6a8     0x1fa6 fs/disklog.o
                0x000000000000b6a8                disklog
                0x000000000000bbf9                dump_fd_graph
 .text          0x000000000000d64e       0xad lib/orangescrt.a(printf.o)
                0x000000000000d64e                printf
                0x000000000000d6b9                printl
 .text          0x000000000000d6fb      0x305 lib/orangescrt.a(vsprintf.o)
                0x000000000000d759                vsprintf
                0x000000000000d9da                sprintf
 .text          0x000000000000da00       0x78 lib/orangescrt.a(string.o)
                0x000000000000da00                memcpy
                0x000000000000da29                memset
                0x000000000000da4a                strcpy
                0x000000000000da62                strlen
 .text          0x000000000000da78      0x256 lib/orangescrt.a(misc.o)
                0x000000000000da78                send_recv
                0x000000000000db32                memcmp
                0x000000000000dba8                strcmp
                0x000000000000dc1b                strcat
                0x000000000000dc7a                spin
                0x000000000000dc95                assertion_failure
 .text          0x000000000000dcce       0x63 lib/orangescrt.a(open.o)
                0x000000000000dcce                open
 .text          0x000000000000dd31       0x37 lib/orangescrt.a(read.o)
                0x000000000000dd31                read
 .text          0x000000000000dd68       0x37 lib/orangescrt.a(write.o)
                0x000000000000dd68                write
 .text          0x000000000000dd9f       0x2b lib/orangescrt.a(close.o)
                0x000000000000dd9f                close
 .text          0x000000000000ddca       0x37 lib/orangescrt.a(lseek.o)
                0x000000000000ddca                lseek
 .text          0x000000000000de01       0x46 lib/orangescrt.a(getpid.o)
                0x000000000000de01                getpid
 .text          0x000000000000de47       0x63 lib/orangescrt.a(stat.o)
                0x000000000000de47                stat
 .text          0x000000000000deaa       0x66 lib/orangescrt.a(fork.o)
                0x000000000000deaa                fork
 .text          0x000000000000df10       0x3c lib/orangescrt.a(wait.o)
                0x000000000000df10                wait
 .text          0x000000000000df4c      0x237 lib/orangescrt.a(exec.o)
                0x000000000000df4c                exec
                0x000000000000dfb7                execl
                0x000000000000dfdc                execv
 .text          0x000000000000e183       0xc0 lib/orangescrt.a(checksum.o)
                0x000000000000e183                set_checksum
                0x000000000000e1e6                get_checksum
 *fill*         0x000000000000e243        0xd 
 .text          0x000000000000e250       0x28 lib/orangescrt.a(syscall.o)
                0x000000000000e250                sendrec
                0x000000000000e26a                printx
 *(.gnu.warning)

.fini
 *(SORT(.fini))
                [!provide]                        PROVIDE (__etext, .)
                [!provide]                        PROVIDE (_etext, .)
                [!provide]                        PROVIDE (etext, .)

.rodata         0x000000000000e280     0x2842
 *(.rodata .rodata.* .gnu.linkonce.r.*)
 .rodata        0x000000000000e280       0x47 kernel/start.o
 *fill*         0x000000000000e2c7        0x1 
 .rodata        0x000000000000e2c8      0x258 kernel/main.o
 .rodata        0x000000000000e520       0x64 kernel/keyboard.o
 .rodata        0x000000000000e584      0x184 kernel/tty.o
 .rodata        0x000000000000e708       0x5b kernel/console.o
 .rodata        0x000000000000e763       0x11 kernel/i8259.o
 .rodata        0x000000000000e774       0x10 kernel/global.o
                0x000000000000e774                FSBUF_SIZE
                0x000000000000e778                MMBUF_SIZE
                0x000000000000e77c                LOGBUF_SIZE
                0x000000000000e780                LOGDISKBUF_SIZE
 *fill*         0x000000000000e784       0x1c 
 .rodata        0x000000000000e7a0      0x580 kernel/protect.o
 .rodata        0x000000000000ed20      0x60e kernel/proc.o
 *fill*         0x000000000000f32e        0x2 
 .rodata        0x000000000000f330       0x30 kernel/systask.o
 .rodata        0x000000000000f360      0x15c kernel/hd.o
 .rodata        0x000000000000f4bc       0x6a kernel/klib.o
 .rodata        0x000000000000f526       0x1e lib/syslog.o
 .rodata        0x000000000000f544       0xc5 mm/main.o
 *fill*         0x000000000000f609        0x3 
 .rodata        0x000000000000f60c       0xe7 mm/forkexit.o
 *fill*         0x000000000000f6f3        0x1 
 .rodata        0x000000000000f6f4       0xa4 mm/exec.o
 .rodata        0x000000000000f798      0x302 fs/main.o
 *fill*         0x000000000000fa9a        0x2 
 .rodata        0x000000000000fa9c      0x260 fs/open.o
 .rodata        0x000000000000fcfc       0x60 fs/misc.o
 .rodata        0x000000000000fd5c      0x164 fs/read_write.o
 .rodata        0x000000000000fec0      0x219 fs/link.o
 *fill*         0x00000000000100d9        0x3 
 .rodata        0x00000000000100dc      0x7d6 fs/disklog.o
 .rodata        0x00000000000108b2       0x14 lib/orangescrt.a(printf.o)
 *fill*         0x00000000000108c6        0x2 
 .rodata        0x00000000000108c8       0xad lib/orangescrt.a(misc.o)
 .rodata        0x0000000000010975       0x23 lib/orangescrt.a(open.o)
 .rodata        0x0000000000010998       0x25 lib/orangescrt.a(getpid.o)
 .rodata        0x00000000000109bd       0x23 lib/orangescrt.a(stat.o)
 .rodata        0x00000000000109e0       0x33 lib/orangescrt.a(fork.o)
 *fill*         0x0000000000010a13        0x1 
 .rodata        0x0000000000010a14       0x87 lib/orangescrt.a(exec.o)
 .rodata        0x0000000000010a9b       0x27 lib/orangescrt.a(checksum.o)

.rodata1
 *(.rodata1)

.eh_frame_hdr
 *(.eh_frame_hdr)
 *(.eh_frame_entry .eh_frame_entry.*)

.eh_frame       0x0000000000010ac4     0x1638
 *(.eh_frame)
 .eh_frame      0x0000000000010ac4       0x38 kernel/start.o
 .eh_frame      0x0000000000010afc      0x188 kernel/main.o
                                        0x1a0 (size before relaxing)
 .eh_frame      0x0000000000010c84       0x60 kernel/clock.o
                                         0x78 (size before relaxing)
 .eh_frame      0x0000000000010ce4       0xe0 kernel/keyboard.o
                                         0xf8 (size before relaxing)
 .eh_frame      0x0000000000010dc4      0x250 kernel/tty.o
                                        0x268 (size before relaxing)
 .eh_frame      0x0000000000011014      0x164 kernel/console.o
                                        0x17c (size before relaxing)
 .eh_frame      0x0000000000011178       0x60 kernel/i8259.o
                                         0x78 (size before relaxing)
 .eh_frame      0x00000000000111d8       0xb0 kernel/protect.o
                                         0xc8 (size before relaxing)
 .eh_frame      0x0000000000011288      0x298 kernel/proc.o
                                        0x2b0 (size before relaxing)
 .eh_frame      0x0000000000011520       0x5c kernel/systask.o
                                         0x74 (size before relaxing)
 .eh_frame      0x000000000001157c      0x1c8 kernel/hd.o
                                        0x1e0 (size before relaxing)
 .eh_frame      0x0000000000011744       0xa0 kernel/klib.o
                                         0xb8 (size before relaxing)
 .eh_frame      0x00000000000117e4       0x20 lib/syslog.o
                                         0x38 (size before relaxing)
 .eh_frame      0x0000000000011804       0x7c mm/main.o
                                         0x94 (size before relaxing)
 .eh_frame      0x0000000000011880       0xd0 mm/forkexit.o
                                         0xe8 (size before relaxing)
 .eh_frame      0x0000000000011950       0x2c mm/exec.o
                                         0x44 (size before relaxing)
 .eh_frame      0x000000000001197c      0x170 fs/main.o
                                        0x188 (size before relaxing)
 .eh_frame      0x0000000000011aec      0x18c fs/open.o
                                        0x1a4 (size before relaxing)
 .eh_frame      0x0000000000011c78       0xb0 fs/misc.o
                                         0xc8 (size before relaxing)
 .eh_frame      0x0000000000011d28       0x2c fs/read_write.o
                                         0x44 (size before relaxing)
 .eh_frame      0x0000000000011d54       0x2c fs/link.o
                                         0x44 (size before relaxing)
 .eh_frame      0x0000000000011d80       0x60 fs/disklog.o
                                         0x78 (size before relaxing)
 .eh_frame      0x0000000000011de0       0x40 lib/orangescrt.a(printf.o)
                                         0x58 (size before relaxing)
 .eh_frame      0x0000000000011e20       0x60 lib/orangescrt.a(vsprintf.o)
                                         0x78 (size before relaxing)
 .eh_frame      0x0000000000011e80       0xbc lib/orangescrt.a(misc.o)
                                         0xd4 (size before relaxing)
 .eh_frame      0x0000000000011f3c       0x20 lib/orangescrt.a(open.o)
                                         0x38 (size before relaxing)
 .eh_frame      0x0000000000011f5c       0x20 lib/orangescrt.a(read.o)
                                         0x38 (size before relaxing)
 .eh_frame      0x0000000000011f7c       0x20 lib/orangescrt.a(write.o)
                                         0x38 (size before relaxing)
 .eh_frame      0x0000000000011f9c       0x20 lib/orangescrt.a(close.o)
                                         0x38 (size before relaxing)
 .eh_frame      0x0000000000011fbc       0x20 lib/orangescrt.a(lseek.o)
                                         0x38 (size before relaxing)
 .eh_frame      0x0000000000011fdc       0x20 lib/orangescrt.a(getpid.o)
                                         0x38 (size before relaxing)
 .eh_frame      0x0000000000011ffc       0x20 lib/orangescrt.a(stat.o)
                                         0x38 (size before relaxing)
 .eh_frame      0x000000000001201c       0x20 lib/orangescrt.a(fork.o)
                                         0x38 (size before relaxing)
 .eh_frame      0x000000000001203c       0x20 lib/orangescrt.a(wait.o)
                                         0x38 (size before relaxing)
 .eh_frame      0x000000000001205c       0x60 lib/orangescrt.a(exec.o)
                                         0x78 (size before relaxing)
 .eh_frame      0x00000000000120bc       0x40 lib/orangescrt.a(checksum.o)
                                         0x58 (size before relaxing)
 *(.eh_frame.*)

.gcc_except_table
 *(.gcc_except_table .gcc_except_table.*)

.gnu_extab
 *(.gnu_extab*)

.exception_ranges
 *(.exception_ranges .exception_ranges*)
                0x00000000000130fc                . = DATA_SEGMENT_ALIGN (0x1000, 0x1000)

.eh_frame
 *(.eh_frame)
 *(.eh_frame.*)

.gnu_extab
 *(.gnu_extab)

.gcc_except_table
 *(.gcc_except_table .gcc_except_table.*)

.exception_ranges
 *(.exception_ranges .exception_ranges*)

.tdata
 *(.tdata .tdata.* .gnu.linkonce.td.*)

.tbss
 *(.tbss .tbss.* .gnu.linkonce.tb.*)
 *(.tcommon)

.preinit_array  0x00000000000130fc        0x0
                [!provide]                        PROVIDE (__preinit_array_start, .)
 *(.preinit_array)
                [!provide]                        PROVIDE (__preinit_array_end, .)

.init_array     0x00000000000130fc        0x0
                [!provide]                        PROVIDE (__init_array_start, .)
 *(SORT(.init_array.*) SORT(.ctors.*))
 *(.init_array EXCLUDE_FILE(*crtend?.o *crtend.o *crtbegin?.o *crtbegin.o) .ctors)
                [!provide]                        PROVIDE (__init_array_end, .)

.fini_array     0x00000000000130fc        0x0
                [!provide]                        PROVIDE (__fini_array_start, .)
 *(SORT(.fini_array.*) SORT(.dtors.*))
 *(.fini_array EXCLUDE_FILE(*crtend?.o *crtend.o *crtbegin?.o *crtbegin.o) .dtors)
                [!provide]                        PROVIDE (__fini_array_end, .)

.ctors
 *crtbegin.o(.ctors)
 *crtbegin?.o(.ctors)
 *(EXCLUDE_FILE(*crtend?.o *crtend.o) .ctors)
 *(SORT(.ctors.*))
 *(.ctors)

.dtors
 *crtbegin.o(.dtors)
 *crtbegin?.o(.dtors)
 *(EXCLUDE_FILE(*crtend?.o *crtend.o) .dtors)
 *(SORT(.dtors.*))
 *(.dtors)

.jcr
 *(.jcr)

.data.rel.ro
 *(.data.rel.ro.local* .gnu.linkonce.d.rel.ro.local.*)
 *(.data.rel.ro .data.rel.ro.* .gnu.linkonce.d.rel.ro.*)

.dynamic
 *(.dynamic)

.got
 *(.got)
 *(.igot)
                0x00000000000130fc                . = DATA_SEGMENT_RELRO_END (., (SIZEOF (.got.plt) >= 0xc)?0xc:0x0)

.got.plt        0x00000000000130fc        0x0
 *(.got.plt)
 *(.igot.plt)
 .igot.plt      0x00000000000130fc        0x0 kernel/kernel.o

.data           0x0000000000013100      0x814
 *(.data .data.* .gnu.linkonce.d.*)
 .data          0x0000000000013100        0x2 kernel/kernel.o
 .data          0x0000000000013102        0x0 kernel/start.o
 .data          0x0000000000013102        0x0 kernel/main.o
 .data          0x0000000000013102        0x0 kernel/clock.o
 *fill*         0x0000000000013102       0x1e 
 .data          0x0000000000013120      0x600 kernel/keyboard.o
                0x0000000000013120                keymap
 .data          0x0000000000013720       0x22 kernel/tty.o
 .data          0x0000000000013742        0x0 kernel/console.o
 .data          0x0000000000013742        0x0 kernel/i8259.o
 *fill*         0x0000000000013742       0x1e 
 .data          0x0000000000013760      0x1b4 kernel/global.o
                0x0000000000013760                task_table
                0x0000000000013840                user_proc_table
                0x00000000000138e0                sys_call_table
                0x00000000000138ec                dd_map
                0x0000000000013904                fsbuf
                0x0000000000013908                mmbuf
                0x000000000001390c                logbuf
                0x0000000000013910                logdiskbuf
 .data          0x0000000000013914        0x0 kernel/protect.o
 .data          0x0000000000013914        0x0 kernel/proc.o
 .data          0x0000000000013914        0x0 kernel/systask.o
 .data          0x0000000000013914        0x0 kernel/hd.o
 .data          0x0000000000013914        0x0 kernel/klib.o
 .data          0x0000000000013914        0x0 lib/syslog.o
 .data          0x0000000000013914        0x0 mm/main.o
 .data          0x0000000000013914        0x0 mm/forkexit.o
 .data          0x0000000000013914        0x0 mm/exec.o
 .data          0x0000000000013914        0x0 fs/main.o
 .data          0x0000000000013914        0x0 fs/open.o
 .data          0x0000000000013914        0x0 fs/misc.o
 .data          0x0000000000013914        0x0 fs/read_write.o
 .data          0x0000000000013914        0x0 fs/link.o
 .data          0x0000000000013914        0x0 fs/disklog.o
 .data          0x0000000000013914        0x0 lib/orangescrt.a(printf.o)
 .data          0x0000000000013914        0x0 lib/orangescrt.a(vsprintf.o)
 .data          0x0000000000013914        0x0 lib/orangescrt.a(misc.o)
 .data          0x0000000000013914        0x0 lib/orangescrt.a(open.o)
 .data          0x0000000000013914        0x0 lib/orangescrt.a(read.o)
 .data          0x0000000000013914        0x0 lib/orangescrt.a(write.o)
 .data          0x0000000000013914        0x0 lib/orangescrt.a(close.o)
 .data          0x0000000000013914        0x0 lib/orangescrt.a(lseek.o)
 .data          0x0000000000013914        0x0 lib/orangescrt.a(getpid.o)
 .data          0x0000000000013914        0x0 lib/orangescrt.a(stat.o)
 .data          0x0000000000013914        0x0 lib/orangescrt.a(fork.o)
 .data          0x0000000000013914        0x0 lib/orangescrt.a(wait.o)
 .data          0x0000000000013914        0x0 lib/orangescrt.a(exec.o)
 .data          0x0000000000013914        0x0 lib/orangescrt.a(checksum.o)

.data1
 *(.data1)
                0x0000000000013914                _edata = .
                [!provide]                        PROVIDE (edata, .)
                0x0000000000013914                . = .
                0x0000000000013914                __bss_start = .

.bss            0x0000000000013920    0x2c614
 *(.dynbss)
 *(.bss .bss.* .gnu.linkonce.b.*)
 .bss           0x0000000000013920     0x1000 kernel/kernel.o
 .bss           0x0000000000014920        0x0 kernel/start.o
 .bss           0x0000000000014920        0x0 kernel/main.o
 .bss           0x0000000000014920        0x0 kernel/clock.o
 .bss           0x0000000000014920       0x58 kernel/keyboard.o
 .bss           0x0000000000014978        0x0 kernel/tty.o
 .bss           0x0000000000014978        0x0 kernel/console.o
 .bss           0x0000000000014978        0x0 kernel/i8259.o
 .bss           0x0000000000014978        0x0 kernel/global.o
 .bss           0x0000000000014978        0x0 kernel/protect.o
 .bss           0x0000000000014978        0x4 kernel/proc.o
 .bss           0x000000000001497c        0x0 kernel/systask.o
 *fill*         0x000000000001497c        0x4 
 .bss           0x0000000000014980      0x64c kernel/hd.o
 .bss           0x0000000000014fcc        0x0 kernel/klib.o
 .bss           0x0000000000014fcc        0x0 lib/syslog.o
 .bss           0x0000000000014fcc        0x0 mm/main.o
 .bss           0x0000000000014fcc        0x0 mm/forkexit.o
 .bss           0x0000000000014fcc        0x0 mm/exec.o
 .bss           0x0000000000014fcc        0x0 fs/main.o
 .bss           0x0000000000014fcc        0x0 fs/open.o
 .bss           0x0000000000014fcc        0x0 fs/misc.o
 .bss           0x0000000000014fcc        0x0 fs/read_write.o
 .bss           0x0000000000014fcc        0x0 fs/link.o
 *fill*         0x0000000000014fcc       0x14 
 .bss           0x0000000000014fe0      0x208 fs/disklog.o
 .bss           0x00000000000151e8        0x0 lib/orangescrt.a(printf.o)
 .bss           0x00000000000151e8        0x0 lib/orangescrt.a(vsprintf.o)
 .bss           0x00000000000151e8        0x0 lib/orangescrt.a(misc.o)
 .bss           0x00000000000151e8        0x0 lib/orangescrt.a(open.o)
 .bss           0x00000000000151e8        0x0 lib/orangescrt.a(read.o)
 .bss           0x00000000000151e8        0x0 lib/orangescrt.a(write.o)
 .bss           0x00000000000151e8        0x0 lib/orangescrt.a(close.o)
 .bss           0x00000000000151e8        0x0 lib/orangescrt.a(lseek.o)
 .bss           0x00000000000151e8        0x0 lib/orangescrt.a(getpid.o)
 .bss           0x00000000000151e8        0x0 lib/orangescrt.a(stat.o)
 .bss           0x00000000000151e8        0x0 lib/orangescrt.a(fork.o)
 .bss           0x00000000000151e8        0x0 lib/orangescrt.a(wait.o)
 .bss           0x00000000000151e8        0x0 lib/orangescrt.a(exec.o)
 .bss           0x00000000000151e8        0x0 lib/orangescrt.a(checksum.o)
 *(COMMON)
 *fill*         0x00000000000151e8       0x18 
 COMMON         0x0000000000015200    0x2ad22 kernel/global.o
                0x0000000000015200                idt_ptr
                0x0000000000015220                inode_table
                0x0000000000015d20                task_stack
                0x0000000000039d20                k_reenter
                0x0000000000039d40                gdt
                0x000000000003a140                current_console
                0x000000000003a144                pcaller
                0x000000000003a160                tty_table
                0x000000000003b420                tss
                0x000000000003b4a0                fs_msg
                0x000000000003b4d0                memory_size
                0x000000000003b4e0                f_desc_table
                0x000000000003b8e0                root_inode
                0x000000000003b8e4                disp_pos
                0x000000000003b900                mm_msg
                0x000000000003b930                key_pressed
                0x000000000003b934                gdt_ptr
                0x000000000003b940                idt
                0x000000000003c140                super_block
                0x000000000003c320                ticks
                0x000000000003c340                console_table
                0x000000000003c380                irq_table
                0x000000000003c3c0                p_proc_ready
                0x000000000003c3e0                proc_table
 *fill*         0x000000000003ff22        0x2 
 COMMON         0x000000000003ff24       0x10 kernel/hd.o
                0x000000000003ff24                PARTITION_ENTRY
                0x000000000003ff34                . = ALIGN ((. != 0x0)?0x4:0x1)
                0x000000000003ff34                . = ALIGN (0x4)
                0x000000000003ff34                . = SEGMENT_START ("ldata-segment", .)
                0x000000000003ff34                . = ALIGN (0x4)
                0x000000000003ff34                _end = .
                [!provide]                        PROVIDE (end, .)
                0x000000000003ff34                . = DATA_SEGMENT_END (.)

.stab
 *(.stab)

.stabstr
 *(.stabstr)

.stab.excl
 *(.stab.excl)

.stab.exclstr
 *(.stab.exclstr)

.stab.index
 *(.stab.index)

.stab.indexstr
 *(.stab.indexstr)

.comment        0x0000000000000000       0x35
 *(.comment)
 .comment       0x0000000000000000       0x35 kernel/start.o
                                         0x36 (size before relaxing)
 .comment       0x0000000000000035       0x36 kernel/main.o
 .comment       0x0000000000000035       0x36 kernel/clock.o
 .comment       0x0000000000000035       0x36 kernel/keyboard.o
 .comment       0x0000000000000035       0x36 kernel/tty.o
 .comment       0x0000000000000035       0x36 kernel/console.o
 .comment       0x0000000000000035       0x36 kernel/i8259.o
 .comment       0x0000000000000035       0x36 kernel/global.o
 .comment       0x0000000000000035       0x36 kernel/protect.o
 .comment       0x0000000000000035       0x36 kernel/proc.o
 .comment       0x0000000000000035       0x36 kernel/systask.o
 .comment       0x0000000000000035       0x36 kernel/hd.o
 .comment       0x0000000000000035       0x36 kernel/klib.o
 .comment       0x0000000000000035       0x36 lib/syslog.o
 .comment       0x0000000000000035       0x36 mm/main.o
 .comment       0x0000000000000035       0x36 mm/forkexit.o
 .comment       0x0000000000000035       0x36 mm/exec.o
 .comment       0x0000000000000035       0x36 fs/main.o
 .comment       0x0000000000000035       0x36 fs/open.o
 .comment       0x0000000000000035       0x36 fs/misc.o
 .comment       0x0000000000000035       0x36 fs/read_write.o
 .comment       0x0000000000000035       0x36 fs/link.o
 .comment       0x0000000000000035       0x36 fs/disklog.o
 .comment       0x0000000000000035       0x36 lib/orangescrt.a(printf.o)
 .comment       0x0000000000000035       0x36 lib/orangescrt.a(vsprintf.o)
 .comment       0x0000000000000035       0x36 lib/orangescrt.a(misc.o)
 .comment       0x0000000000000035       0x36 lib/orangescrt.a(open.o)
 .comment       0x0000000000000035       0x36 lib/orangescrt.a(read.o)
 .comment       0x0000000000000035       0x36 lib/orangescrt.a(write.o)
 .comment       0x0000000000000035       0x36 lib/orangescrt.a(close.o)
 .comment       0x0000000000000035       0x36 lib/orangescrt.a(lseek.o)
 .comment       0x0000000000000035       0x36 lib/orangescrt.a(getpid.o)
 .comment       0x0000000000000035       0x36 lib/orangescrt.a(stat.o)
 .comment       0x0000000000000035       0x36 lib/orangescrt.a(fork.o)
 .comment       0x0000000000000035       0x36 lib/orangescrt.a(wait.o)
 .comment       0x0000000000000035       0x36 lib/orangescrt.a(exec.o)
 .comment       0x0000000000000035       0x36 lib/orangescrt.a(checksum.o)

.debug
 *(.debug)

.line
 *(.line)

.debug_srcinfo
 *(.debug_srcinfo)

.debug_sfnames
 *(.debug_sfnames)

.debug_aranges  0x0000000000000000      0x498
 *(.debug_aranges)
 .debug_aranges
                0x0000000000000000       0x20 kernel/start.o
 .debug_aranges
                0x0000000000000020       0x20 kernel/main.o
 .debug_aranges
                0x0000000000000040       0x20 kernel/clock.o
 .debug_aranges
                0x0000000000000060       0x20 kernel/keyboard.o
 .debug_aranges
                0x0000000000000080       0x20 kernel/tty.o
 .debug_aranges
                0x00000000000000a0       0x20 kernel/console.o
 .debug_aranges
                0x00000000000000c0       0x20 kernel/i8259.o
 .debug_aranges
                0x00000000000000e0       0x18 kernel/global.o
 .debug_aranges
                0x00000000000000f8       0x20 kernel/protect.o
 .debug_aranges
                0x0000000000000118       0x20 kernel/proc.o
 .debug_aranges
                0x0000000000000138       0x20 kernel/systask.o
 .debug_aranges
                0x0000000000000158       0x20 kernel/hd.o
 .debug_aranges
                0x0000000000000178       0x20 kernel/klib.o
 .debug_aranges
                0x0000000000000198       0x20 lib/syslog.o
 .debug_aranges
                0x00000000000001b8       0x20 mm/main.o
 .debug_aranges
                0x00000000000001d8       0x20 mm/forkexit.o
 .debug_aranges
                0x00000000000001f8       0x20 mm/exec.o
 .debug_aranges
                0x0000000000000218       0x20 fs/main.o
 .debug_aranges
                0x0000000000000238       0x20 fs/open.o
 .debug_aranges
                0x0000000000000258       0x20 fs/misc.o
 .debug_aranges
                0x0000000000000278       0x20 fs/read_write.o
 .debug_aranges
                0x0000000000000298       0x20 fs/link.o
 .debug_aranges
                0x00000000000002b8       0x20 fs/disklog.o
 .debug_aranges
                0x00000000000002d8       0x20 lib/orangescrt.a(printf.o)
 .debug_aranges
                0x00000000000002f8       0x20 lib/orangescrt.a(vsprintf.o)
 .debug_aranges
                0x0000000000000318       0x20 lib/orangescrt.a(misc.o)
 .debug_aranges
                0x0000000000000338       0x20 lib/orangescrt.a(open.o)
 .debug_aranges
                0x0000000000000358       0x20 lib/orangescrt.a(read.o)
 .debug_aranges
                0x0000000000000378       0x20 lib/orangescrt.a(write.o)
 .debug_aranges
                0x0000000000000398       0x20 lib/orangescrt.a(close.o)
 .debug_aranges
                0x00000000000003b8       0x20 lib/orangescrt.a(lseek.o)
 .debug_aranges
                0x00000000000003d8       0x20 lib/orangescrt.a(getpid.o)
 .debug_aranges
                0x00000000000003f8       0x20 lib/orangescrt.a(stat.o)
 .debug_aranges
                0x0000000000000418       0x20 lib/orangescrt.a(fork.o)
 .debug_aranges
                0x0000000000000438       0x20 lib/orangescrt.a(wait.o)
 .debug_aranges
                0x0000000000000458       0x20 lib/orangescrt.a(exec.o)
 .debug_aranges
                0x0000000000000478       0x20 lib/orangescrt.a(checksum.o)

.debug_pubnames
 *(.debug_pubnames)

.debug_info     0x0000000000000000     0xde1b
 *(.debug_info .gnu.linkonce.wi.*)
 .debug_info    0x0000000000000000      0x1cb kernel/start.o
 .debug_info    0x00000000000001cb      0xe80 kernel/main.o
 .debug_info    0x000000000000104b      0x575 kernel/clock.o
 .debug_info    0x00000000000015c0      0x599 kernel/keyboard.o
 .debug_info    0x0000000000001b59      0xec3 kernel/tty.o
 .debug_info    0x0000000000002a1c      0x5e9 kernel/console.o
 .debug_info    0x0000000000003005      0x101 kernel/i8259.o
 .debug_info    0x0000000000003106      0xd61 kernel/global.o
 .debug_info    0x0000000000003e67      0x8a8 kernel/protect.o
 .debug_info    0x000000000000470f      0xb1d kernel/proc.o
 .debug_info    0x000000000000522c      0x80d kernel/systask.o
 .debug_info    0x0000000000005a39      0x9ae kernel/hd.o
 .debug_info    0x00000000000063e7      0x423 kernel/klib.o
 .debug_info    0x000000000000680a       0xd2 lib/syslog.o
 .debug_info    0x00000000000068dc      0x380 mm/main.o
 .debug_info    0x0000000000006c5c      0x818 mm/forkexit.o
 .debug_info    0x0000000000007474      0x849 mm/exec.o
 .debug_info    0x0000000000007cbd      0xc3d fs/main.o
 .debug_info    0x00000000000088fa      0xd77 fs/open.o
 .debug_info    0x0000000000009671      0x708 fs/misc.o
 .debug_info    0x0000000000009d79      0x777 fs/read_write.o
 .debug_info    0x000000000000a4f0      0x5ad fs/link.o
 .debug_info    0x000000000000aa9d      0xe42 fs/disklog.o
 .debug_info    0x000000000000b8df      0x130 lib/orangescrt.a(printf.o)
 .debug_info    0x000000000000ba0f      0x1dd lib/orangescrt.a(vsprintf.o)
 .debug_info    0x000000000000bbec      0x388 lib/orangescrt.a(misc.o)
 .debug_info    0x000000000000bf74      0x2b5 lib/orangescrt.a(open.o)
 .debug_info    0x000000000000c229      0x2b3 lib/orangescrt.a(read.o)
 .debug_info    0x000000000000c4dc      0x2be lib/orangescrt.a(write.o)
 .debug_info    0x000000000000c79a      0x297 lib/orangescrt.a(close.o)
 .debug_info    0x000000000000ca31      0x2b3 lib/orangescrt.a(lseek.o)
 .debug_info    0x000000000000cce4      0x28a lib/orangescrt.a(getpid.o)
 .debug_info    0x000000000000cf6e      0x304 lib/orangescrt.a(stat.o)
 .debug_info    0x000000000000d272      0x28a lib/orangescrt.a(fork.o)
 .debug_info    0x000000000000d4fc      0x2a2 lib/orangescrt.a(wait.o)
 .debug_info    0x000000000000d79e      0x396 lib/orangescrt.a(exec.o)
 .debug_info    0x000000000000db34      0x2e7 lib/orangescrt.a(checksum.o)

.debug_abbrev   0x0000000000000000     0x33d6
 *(.debug_abbrev)
 .debug_abbrev  0x0000000000000000       0xb9 kernel/start.o
 .debug_abbrev  0x00000000000000b9      0x281 kernel/main.o
 .debug_abbrev  0x000000000000033a      0x137 kernel/clock.o
 .debug_abbrev  0x0000000000000471      0x18a kernel/keyboard.o
 .debug_abbrev  0x00000000000005fb      0x275 kernel/tty.o
 .debug_abbrev  0x0000000000000870      0x1c9 kernel/console.o
 .debug_abbrev  0x0000000000000a39       0xce kernel/i8259.o
 .debug_abbrev  0x0000000000000b07      0x131 kernel/global.o
 .debug_abbrev  0x0000000000000c38      0x1c7 kernel/protect.o
 .debug_abbrev  0x0000000000000dff      0x2b4 kernel/proc.o
 .debug_abbrev  0x00000000000010b3      0x179 kernel/systask.o
 .debug_abbrev  0x000000000000122c      0x26e kernel/hd.o
 .debug_abbrev  0x000000000000149a      0x155 kernel/klib.o
 .debug_abbrev  0x00000000000015ef       0x96 lib/syslog.o
 .debug_abbrev  0x0000000000001685      0x187 mm/main.o
 .debug_abbrev  0x000000000000180c      0x1e3 mm/forkexit.o
 .debug_abbrev  0x00000000000019ef      0x164 mm/exec.o
 .debug_abbrev  0x0000000000001b53      0x20a fs/main.o
 .debug_abbrev  0x0000000000001d5d      0x1ff fs/open.o
 .debug_abbrev  0x0000000000001f5c      0x185 fs/misc.o
 .debug_abbrev  0x00000000000020e1      0x155 fs/read_write.o
 .debug_abbrev  0x0000000000002236      0x12f fs/link.o
 .debug_abbrev  0x0000000000002365      0x1f9 fs/disklog.o
 .debug_abbrev  0x000000000000255e       0xb2 lib/orangescrt.a(printf.o)
 .debug_abbrev  0x0000000000002610       0xf3 lib/orangescrt.a(vsprintf.o)
 .debug_abbrev  0x0000000000002703      0x14b lib/orangescrt.a(misc.o)
 .debug_abbrev  0x000000000000284e      0x10c lib/orangescrt.a(open.o)
 .debug_abbrev  0x000000000000295a      0x109 lib/orangescrt.a(read.o)
 .debug_abbrev  0x0000000000002a63      0x119 lib/orangescrt.a(write.o)
 .debug_abbrev  0x0000000000002b7c       0xfa lib/orangescrt.a(close.o)
 .debug_abbrev  0x0000000000002c76      0x109 lib/orangescrt.a(lseek.o)
 .debug_abbrev  0x0000000000002d7f       0xe9 lib/orangescrt.a(getpid.o)
 .debug_abbrev  0x0000000000002e68      0x11b lib/orangescrt.a(stat.o)
 .debug_abbrev  0x0000000000002f83       0xe9 lib/orangescrt.a(fork.o)
 .debug_abbrev  0x000000000000306c      0x105 lib/orangescrt.a(wait.o)
 .debug_abbrev  0x0000000000003171      0x13f lib/orangescrt.a(exec.o)
 .debug_abbrev  0x00000000000032b0      0x126 lib/orangescrt.a(checksum.o)

.debug_line     0x0000000000000000     0x346e
 *(.debug_line .debug_line.* .debug_line_end)
 .debug_line    0x0000000000000000       0x86 kernel/start.o
 .debug_line    0x0000000000000086      0x31f kernel/main.o
 .debug_line    0x00000000000003a5       0xb2 kernel/clock.o
 .debug_line    0x0000000000000457      0x26b kernel/keyboard.o
 .debug_line    0x00000000000006c2      0x2f9 kernel/tty.o
 .debug_line    0x00000000000009bb      0x1f4 kernel/console.o
 .debug_line    0x0000000000000baf       0x94 kernel/i8259.o
 .debug_line    0x0000000000000c43       0x8f kernel/global.o
 .debug_line    0x0000000000000cd2      0x14c kernel/protect.o
 .debug_line    0x0000000000000e1e      0x522 kernel/proc.o
 .debug_line    0x0000000000001340      0x136 kernel/systask.o
 .debug_line    0x0000000000001476      0x342 kernel/hd.o
 .debug_line    0x00000000000017b8      0x119 kernel/klib.o
 .debug_line    0x00000000000018d1       0x5e lib/syslog.o
 .debug_line    0x000000000000192f       0xb1 mm/main.o
 .debug_line    0x00000000000019e0      0x1bb mm/forkexit.o
 .debug_line    0x0000000000001b9b      0x12a mm/exec.o
 .debug_line    0x0000000000001cc5      0x377 fs/main.o
 .debug_line    0x000000000000203c      0x2fa fs/open.o
 .debug_line    0x0000000000002336      0x17a fs/misc.o
 .debug_line    0x00000000000024b0      0x16d fs/read_write.o
 .debug_line    0x000000000000261d      0x1af fs/link.o
 .debug_line    0x00000000000027cc      0x4de fs/disklog.o
 .debug_line    0x0000000000002caa       0x69 lib/orangescrt.a(printf.o)
 .debug_line    0x0000000000002d13       0xfa lib/orangescrt.a(vsprintf.o)
 .debug_line    0x0000000000002e0d       0xfc lib/orangescrt.a(misc.o)
 .debug_line    0x0000000000002f09       0x75 lib/orangescrt.a(open.o)
 .debug_line    0x0000000000002f7e       0x6b lib/orangescrt.a(read.o)
 .debug_line    0x0000000000002fe9       0x6c lib/orangescrt.a(write.o)
 .debug_line    0x0000000000003055       0x6a lib/orangescrt.a(close.o)
 .debug_line    0x00000000000030bf       0x6c lib/orangescrt.a(lseek.o)
 .debug_line    0x000000000000312b       0x73 lib/orangescrt.a(getpid.o)
 .debug_line    0x000000000000319e       0x80 lib/orangescrt.a(stat.o)
 .debug_line    0x000000000000321e       0x7a lib/orangescrt.a(fork.o)
 .debug_line    0x0000000000003298       0x75 lib/orangescrt.a(wait.o)
 .debug_line    0x000000000000330d       0xd6 lib/orangescrt.a(exec.o)
 .debug_line    0x00000000000033e3       0x8b lib/orangescrt.a(checksum.o)

.debug_frame
 *(.debug_frame)

.debug_str      0x0000000000000000     0x1c07
 *(.debug_str)
 .debug_str     0x0000000000000000      0x1ac kernel/start.o
                                        0x1c3 (size before relaxing)
 .debug_str     0x00000000000001ac      0x4ca kernel/main.o
                                        0x67d (size before relaxing)
 .debug_str     0x0000000000000676       0x4a kernel/clock.o
                                        0x349 (size before relaxing)
 .debug_str     0x00000000000006c0      0x282 kernel/keyboard.o
                                        0x3d1 (size before relaxing)
 .debug_str     0x0000000000000942      0x170 kernel/tty.o
                                        0x71e (size before relaxing)
 .debug_str     0x0000000000000ab2      0x136 kernel/console.o
                                        0x3e5 (size before relaxing)
 .debug_str     0x0000000000000be8       0x41 kernel/i8259.o
                                        0x14b (size before relaxing)
 .debug_str     0x0000000000000c29      0x1a5 kernel/global.o
                                        0x743 (size before relaxing)
 .debug_str     0x0000000000000dce       0xc1 kernel/protect.o
                                        0x42b (size before relaxing)
 .debug_str     0x0000000000000e8f      0x18b kernel/proc.o
                                        0x5ce (size before relaxing)
 .debug_str     0x000000000000101a       0x7a kernel/systask.o
                                        0x4dd (size before relaxing)
 .debug_str     0x0000000000001094      0x224 kernel/hd.o
                                        0x4cf (size before relaxing)
 .debug_str     0x00000000000012b8      0x1ba kernel/klib.o
                                        0x2e1 (size before relaxing)
 .debug_str     0x0000000000001472       0x14 lib/syslog.o
                                        0x112 (size before relaxing)
 .debug_str     0x0000000000001486       0x3b mm/main.o
                                        0x2d7 (size before relaxing)
 .debug_str     0x00000000000014c1       0xe9 mm/forkexit.o
                                        0x4f3 (size before relaxing)
 .debug_str     0x00000000000015aa       0xa3 mm/exec.o
                                        0x4c9 (size before relaxing)
 .debug_str     0x000000000000164d       0xe9 fs/main.o
                                        0x692 (size before relaxing)
 .debug_str     0x0000000000001736      0x197 fs/open.o
                                        0x6e7 (size before relaxing)
 .debug_str     0x00000000000018cd       0x51 fs/misc.o
                                        0x434 (size before relaxing)
 .debug_str     0x000000000000191e       0x41 fs/read_write.o
                                        0x493 (size before relaxing)
 .debug_str     0x000000000000195f       0x30 fs/link.o
                                        0x433 (size before relaxing)
 .debug_str     0x000000000000198f      0x12b fs/disklog.o
                                        0x790 (size before relaxing)
 .debug_str     0x0000000000001aba       0x14 lib/orangescrt.a(printf.o)
                                        0x119 (size before relaxing)
 .debug_str     0x0000000000001ace       0x3b lib/orangescrt.a(vsprintf.o)
                                        0x146 (size before relaxing)
 .debug_str     0x0000000000001b09       0x5a lib/orangescrt.a(misc.o)
                                        0x1dd (size before relaxing)
 .debug_str     0x0000000000001b63        0xb lib/orangescrt.a(open.o)
                                        0x282 (size before relaxing)
 .debug_str     0x0000000000001b6e        0xb lib/orangescrt.a(read.o)
                                        0x279 (size before relaxing)
 .debug_str     0x0000000000001b79        0xc lib/orangescrt.a(write.o)
                                        0x27b (size before relaxing)
 .debug_str     0x0000000000001b85        0xc lib/orangescrt.a(close.o)
                                        0x275 (size before relaxing)
 .debug_str     0x0000000000001b91        0xc lib/orangescrt.a(lseek.o)
                                        0x283 (size before relaxing)
 .debug_str     0x0000000000001b9d       0x14 lib/orangescrt.a(getpid.o)
                                        0x277 (size before relaxing)
 .debug_str     0x0000000000001bb1        0xb lib/orangescrt.a(stat.o)
                                        0x29e (size before relaxing)
 .debug_str     0x0000000000001bbc        0xb lib/orangescrt.a(fork.o)
                                        0x273 (size before relaxing)
 .debug_str     0x0000000000001bc7        0xb lib/orangescrt.a(wait.o)
                                        0x27a (size before relaxing)
 .debug_str     0x0000000000001bd2       0x26 lib/orangescrt.a(exec.o)
                                        0x2aa (size before relaxing)
 .debug_str     0x0000000000001bf8        0xf lib/orangescrt.a(checksum.o)
                                        0x29e (size before relaxing)

.debug_loc
 *(.debug_loc)

.debug_macinfo
 *(.debug_macinfo)

.debug_weaknames
 *(.debug_weaknames)

.debug_funcnames
 *(.debug_funcnames)

.debug_typenames
 *(.debug_typenames)

.debug_varnames
 *(.debug_varnames)

.debug_pubtypes
 *(.debug_pubtypes)

.debug_ranges   0x0000000000000000       0x48
 *(.debug_ranges)
 .debug_ranges  0x0000000000000000       0x18 kernel/main.o
 .debug_ranges  0x0000000000000018       0x30 kernel/hd.o

.debug_macro
 *(.debug_macro)

.gnu.attributes
 *(.gnu.attributes)

/DISCARD/
 *(.note.GNU-stack)
 *(.gnu_debuglink)
 *(.gnu.lto_*)
OUTPUT(kernel.bin elf32-i386)
